<html>
<body>
<pre>
<h1>µVision Build Log</h1>
<h2>Tool Versions:</h2>
IDE-Version: •ÏVision V5.36.0.0
Copyright (C) 2021 ARM Ltd and ARM Germany GmbH. All rights reserved.
License Information: Park Sehwan, student, LIC=----
 
Tool Versions:
Toolchain:       MDK-Lite  Version: 5.36.0.0
Toolchain Path:  C:\Keil_v5\ARM\ARMCC\Bin
C Compiler:      Armcc.exe V5.06 update 7 (build 960)
Assembler:       Armasm.exe V5.06 update 7 (build 960)
Linker/Locator:  ArmLink.exe V5.06 update 7 (build 960)
Library Manager: ArmAr.exe V5.06 update 7 (build 960)
Hex Converter:   FromElf.exe V5.06 update 7 (build 960)
CPU DLL:         SARMCM3.DLL V5.36.0.0
Dialog DLL:      DCM.DLL V1.17.3.0
Target DLL:      CMSIS_AGDI.dll V1.33.0.0
Dialog DLL:      TCM.DLL V1.53.0.0
 
<h2>Project:</h2>
C:\Users\PETABREW001\Desktop\24GHz_Radar\AT32_proj\AT32_proj.uvprojx
Project File Date:  05/26/2023

<h2>Output:</h2>
*** Using Compiler 'V5.06 update 7 (build 960)', folder: 'C:\Keil_v5\ARM\ARMCC\Bin'
Rebuild target 'AT32_petabrew'
assembling startup_at32f413rx_hd.s...
compiling general.c...
compiling sc123x_gpio.c...
compiling main_at32f4xx.c...
compiling at32f4xx_exti.c...
compiling system_at32f4xx.c...
compiling at32_board.c...
compiling at32f4xx_gpio.c...
compiling rs_ctl_cmd.c...
compiling at32f4xx_gpio_ex.c...
compiling at32f4xx_flash.c...
compiling rs_ctl_base.c...
compiling main.c...
compiling rs_ctl_distance.c...
compiling rs_ctl_dev.c...
SC1233\rs_ctl_dev.c(280): warning:  #550-D: variable "rdata"  was set but never used
      uint8_t rdata[1];	 
SC1233\rs_ctl_dev.c: 1 warning, 0 errors
compiling rs_ctl_setup.c...
SC1233\rs_ctl_setup.c(100): warning:  #550-D: variable "expected"  was set but never used
      uint16_t expected = 0;
SC1233\rs_ctl_setup.c(102): warning:  #550-D: variable "crc_seqpgm"  was set but never used
  	uint16_t crc_seqpgm = 0;
SC1233\rs_ctl_setup.c(103): warning:  #550-D: variable "crc_fftwin"  was set but never used
  	uint16_t crc_fftwin = 0;
SC1233\rs_ctl_setup.c: 3 warnings, 0 errors
compiling at32f4xx_rcc.c...
compiling croutine.c...
compiling event_groups.c...
compiling heap_4.c...
compiling list.c...
compiling queue.c...
compiling stream_buffer.c...
compiling timers.c...
compiling port.c...
compiling tasks.c...
compiling misc.c...
compiling at32f4xx_spi.c...
compiling at32f4xx_usart.c...
compiling at32f4xx_dma.c...
compiling at32f4xx_adc.c...
linking...
Program Size: Code=14456 RO-data=3840 RW-data=204 ZI-data=9988  
FromELF: creating hex file...
".\Objects\AT32_proj.axf" - 0 Error(s), 4 Warning(s).

<h2>Software Packages used:</h2>

Package Vendor: ArteryTek
                
                ArteryTek.AT32F413_DFP.2.0.3
                ArteryTek AT32F413 Series Device Support,Drivers

<h2>Collection of Component include folders:</h2>
  C:\Users\PETABREW001\AppData\Local\Arm\Packs\ArteryTek\AT32F413_DFP\2.0.3\Device\Include

<h2>Collection of Component Files used:</h2>
Build Time Elapsed:  00:00:03
</pre>
</body>
</html>
