Component: ARM Compiler 5.06 update 7 (build 960) Tool: armlink [4d3601]

==============================================================================

Section Cross References

    at32_board.o(i.AT32_BUTTON_Init) refers to at32f4xx_rcc.o(i.RCC_APB2PeriphClockCmd) for RCC_APB2PeriphClockCmd
    at32_board.o(i.AT32_BUTTON_Init) refers to at32f4xx_gpio.o(i.GPIO_StructInit) for GPIO_StructInit
    at32_board.o(i.AT32_BUTTON_Init) refers to at32f4xx_gpio.o(i.GPIO_Init) for GPIO_Init
    at32_board.o(i.AT32_BUTTON_Init) refers to at32_board.o(.data) for BUTTON_GPIO_RCC_CLK
    at32_board.o(i.AT32_BUTTON_Press) refers to at32_board.o(i.AT32_BUTTON_State) for AT32_BUTTON_State
    at32_board.o(i.AT32_BUTTON_Press) refers to at32_board.o(i.Delay_ms) for Delay_ms
    at32_board.o(i.AT32_BUTTON_Press) refers to at32_board.o(.data) for Pressed
    at32_board.o(i.AT32_BUTTON_State) refers to at32f4xx_gpio.o(i.GPIO_ReadInputDataBit) for GPIO_ReadInputDataBit
    at32_board.o(i.AT32_BUTTON_State) refers to at32_board.o(.data) for BUTTON_GPIO_PIN
    at32_board.o(i.AT32_Board_Init) refers to at32_board.o(i.Delay_init) for Delay_init
    at32_board.o(i.AT32_Board_Init) refers to at32_board.o(i.AT32_LEDn_Init) for AT32_LEDn_Init
    at32_board.o(i.AT32_Board_Init) refers to at32_board.o(i.AT32_LEDn_OFF) for AT32_LEDn_OFF
    at32_board.o(i.AT32_Board_Init) refers to at32_board.o(i.AT32_BUTTON_Init) for AT32_BUTTON_Init
    at32_board.o(i.AT32_LEDn_Init) refers to at32f4xx_rcc.o(i.RCC_APB2PeriphClockCmd) for RCC_APB2PeriphClockCmd
    at32_board.o(i.AT32_LEDn_Init) refers to at32f4xx_gpio.o(i.GPIO_StructInit) for GPIO_StructInit
    at32_board.o(i.AT32_LEDn_Init) refers to at32f4xx_gpio.o(i.GPIO_Init) for GPIO_Init
    at32_board.o(i.AT32_LEDn_Init) refers to at32_board.o(.data) for LED_GPIO_RCC_CLK
    at32_board.o(i.AT32_LEDn_OFF) refers to at32_board.o(.data) for LED_GPIO_PIN
    at32_board.o(i.AT32_LEDn_ON) refers to at32_board.o(.data) for LED_GPIO_PIN
    at32_board.o(i.AT32_LEDn_Toggle) refers to at32_board.o(.data) for LED_GPIO_PIN
    at32_board.o(i.AT32_USB_GPIO_init) refers to at32f4xx_rcc.o(i.RCC_APB2PeriphClockCmd) for RCC_APB2PeriphClockCmd
    at32_board.o(i.AT32_USB_GPIO_init) refers to at32f4xx_gpio.o(i.GPIO_StructInit) for GPIO_StructInit
    at32_board.o(i.AT32_USB_GPIO_init) refers to at32f4xx_gpio.o(i.GPIO_Init) for GPIO_Init
    at32_board.o(i.AT32_USB_GPIO_init) refers to at32f4xx_gpio.o(i.GPIO_ResetBits) for GPIO_ResetBits
    at32_board.o(i.Delay_init) refers to misc.o(i.SysTick_CLKSourceConfig) for SysTick_CLKSourceConfig
    at32_board.o(i.Delay_init) refers to system_at32f4xx.o(.data) for SystemCoreClock
    at32_board.o(i.Delay_init) refers to at32_board.o(.data) for fac_us
    at32_board.o(i.Delay_ms) refers to at32_board.o(.data) for fac_ms
    at32_board.o(i.Delay_sec) refers to at32_board.o(i.Delay_ms) for Delay_ms
    at32_board.o(i.Delay_us) refers to at32_board.o(.data) for fac_us
    at32_board.o(i.UART_Print_Init) refers to at32f4xx_rcc.o(i.RCC_APB2PeriphClockCmd) for RCC_APB2PeriphClockCmd
    at32_board.o(i.UART_Print_Init) refers to at32f4xx_gpio.o(i.GPIO_StructInit) for GPIO_StructInit
    at32_board.o(i.UART_Print_Init) refers to at32f4xx_gpio.o(i.GPIO_Init) for GPIO_Init
    at32_board.o(i.UART_Print_Init) refers to at32f4xx_usart.o(i.USART_StructInit) for USART_StructInit
    at32_board.o(i.UART_Print_Init) refers to at32f4xx_usart.o(i.USART_Init) for USART_Init
    at32_board.o(i.UART_Print_Init) refers to at32f4xx_usart.o(i.USART_INTConfig) for USART_INTConfig
    at32_board.o(i.UART_Print_Init) refers to at32f4xx_usart.o(i.USART_Cmd) for USART_Cmd
    at32_board.o(i.fputc) refers to at32f4xx_usart.o(i.USART_SendData) for USART_SendData
    at32_board.o(i.fputc) refers to at32f4xx_usart.o(i.USART_GetFlagStatus) for USART_GetFlagStatus
    system_at32f4xx.o(i.SystemCoreClockUpdate) refers to system_at32f4xx.o(.data) for SystemCoreClock
    system_at32f4xx.o(i.SystemInit) refers to system_at32f4xx.o(i.SetSysClock) for SetSysClock
    startup_at32f413rx_hd.o(RESET) refers to startup_at32f413rx_hd.o(STACK) for __initial_sp
    startup_at32f413rx_hd.o(RESET) refers to startup_at32f413rx_hd.o(.text) for Reset_Handler
    startup_at32f413rx_hd.o(RESET) refers to port.o(.emb_text) for SVC_Handler
    startup_at32f413rx_hd.o(RESET) refers to port.o(i.SysTick_Handler) for SysTick_Handler
    startup_at32f413rx_hd.o(.text) refers to system_at32f4xx.o(i.SystemInit) for SystemInit
    startup_at32f413rx_hd.o(.text) refers to entry.o(.ARM.Collect$$$$00000000) for __main
    main.o(i.main) refers to main_at32f4xx.o(i.AT32F413_SC1233_INIT) for AT32F413_SC1233_INIT
    main.o(i.main) refers to port.o(i.vPortEnterCritical) for vPortEnterCritical
    main.o(i.main) refers to tasks.o(i.xTaskCreate) for xTaskCreate
    main.o(i.main) refers to port.o(i.vPortExitCritical) for vPortExitCritical
    main.o(i.main) refers to tasks.o(i.vTaskStartScheduler) for vTaskStartScheduler
[...]
    ..\\src\\at32f4xx_spi.c                  0x00000000   Number         0  at32f4xx_spi.o ABSOLUTE
    ..\\src\\at32f4xx_usart.c                0x00000000   Number         0  at32f4xx_usart.o ABSOLUTE
    ..\\src\\main.c                          0x00000000   Number         0  main.o ABSOLUTE
    ..\\src\\misc.c                          0x00000000   Number         0  misc.o ABSOLUTE
    ..\\src\\port.c                          0x00000000   Number         0  port.o ABSOLUTE
    ..\\src\\system_at32f4xx.c               0x00000000   Number         0  system_at32f4xx.o ABSOLUTE
    ..\src\at32_board.c                      0x00000000   Number         0  at32_board.o ABSOLUTE
    ..\src\at32f4xx_adc.c                    0x00000000   Number         0  at32f4xx_adc.o ABSOLUTE
    ..\src\at32f4xx_dma.c                    0x00000000   Number         0  at32f4xx_dma.o ABSOLUTE
    ..\src\at32f4xx_exti.c                   0x00000000   Number         0  at32f4xx_exti.o ABSOLUTE
    ..\src\at32f4xx_flash.c                  0x00000000   Number         0  at32f4xx_flash.o ABSOLUTE
    ..\src\at32f4xx_gpio.c                   0x00000000   Number         0  at32f4xx_gpio.o ABSOLUTE
    ..\src\at32f4xx_gpio_ex.c                0x00000000   Number         0  at32f4xx_gpio_ex.o ABSOLUTE
    ..\src\at32f4xx_rcc.c                    0x00000000   Number         0  at32f4xx_rcc.o ABSOLUTE
    ..\src\at32f4xx_spi.c                    0x00000000   Number         0  at32f4xx_spi.o ABSOLUTE
    ..\src\at32f4xx_usart.c                  0x00000000   Number         0  at32f4xx_usart.o ABSOLUTE
    ..\src\croutine.c                        0x00000000   Number         0  croutine.o ABSOLUTE
    ..\src\event_groups.c                    0x00000000   Number         0  event_groups.o ABSOLUTE
    ..\src\heap_4.c                          0x00000000   Number         0  heap_4.o ABSOLUTE
    ..\src\list.c                            0x00000000   Number         0  list.o ABSOLUTE
    ..\src\main.c                            0x00000000   Number         0  main.o ABSOLUTE
    ..\src\misc.c                            0x00000000   Number         0  misc.o ABSOLUTE
    ..\src\port.c                            0x00000000   Number         0  port.o ABSOLUTE
    ..\src\queue.c                           0x00000000   Number         0  queue.o ABSOLUTE
    ..\src\startup_at32f413rx_hd.s           0x00000000   Number         0  startup_at32f413rx_hd.o ABSOLUTE
    ..\src\stream_buffer.c                   0x00000000   Number         0  stream_buffer.o ABSOLUTE
    ..\src\system_at32f4xx.c                 0x00000000   Number         0  system_at32f4xx.o ABSOLUTE
    ..\src\tasks.c                           0x00000000   Number         0  tasks.o ABSOLUTE
    ..\src\timers.c                          0x00000000   Number         0  timers.o ABSOLUTE
    SC1233\\rs_ctl_base.c                    0x00000000   Number         0  rs_ctl_base.o ABSOLUTE
    SC1233\\rs_ctl_cmd.c                     0x00000000   Number         0  rs_ctl_cmd.o ABSOLUTE
    SC1233\\rs_ctl_dev.c                     0x00000000   Number         0  rs_ctl_dev.o ABSOLUTE
    SC1233\\rs_ctl_distance.c                0x00000000   Number         0  rs_ctl_distance.o ABSOLUTE
    SC1233\\rs_ctl_setup.c                   0x00000000   Number         0  rs_ctl_setup.o ABSOLUTE
    SC1233\\sc123x_gpio.c                    0x00000000   Number         0  sc123x_gpio.o ABSOLUTE
    SC1233\rs_ctl_base.c                     0x00000000   Number         0  rs_ctl_base.o ABSOLUTE
    SC1233\rs_ctl_cmd.c                      0x00000000   Number         0  rs_ctl_cmd.o ABSOLUTE
    SC1233\rs_ctl_dev.c                      0x00000000   Number         0  rs_ctl_dev.o ABSOLUTE
    SC1233\rs_ctl_distance.c                 0x00000000   Number         0  rs_ctl_distance.o ABSOLUTE
    SC1233\rs_ctl_setup.c                    0x00000000   Number         0  rs_ctl_setup.o ABSOLUTE
    SC1233\sc123x_gpio.c                     0x00000000   Number         0  sc123x_gpio.o ABSOLUTE
    cdcmple.s                                0x00000000   Number         0  cdcmple.o ABSOLUTE
    cdrcmple.s                               0x00000000   Number         0  cdrcmple.o ABSOLUTE
    dc.s                                     0x00000000   Number         0  dc.o ABSOLUTE
    general.c                                0x00000000   Number         0  general.o ABSOLUTE
    handlers.s                               0x00000000   Number         0  handlers.o ABSOLUTE
    init.s                                   0x00000000   Number         0  init.o ABSOLUTE
    main_at32f4xx.c                          0x00000000   Number         0  main_at32f4xx.o ABSOLUTE
    main_at32f4xx.c                          0x00000000   Number         0  main_at32f4xx.o ABSOLUTE
    RESET                                    0x08000000   Section      368  startup_at32f413rx_hd.o(RESET)
    .ARM.Collect$$$$00000000                 0x08000170   Section        0  entry.o(.ARM.Collect$$$$00000000)
    .ARM.Collect$$$$00000001                 0x08000170   Section        4  entry2.o(.ARM.Collect$$$$00000001)
    .ARM.Collect$$$$00000004                 0x08000174   Section        4  entry5.o(.ARM.Collect$$$$00000004)
    .ARM.Collect$$$$00000008                 0x08000178   Section        0  entry7b.o(.ARM.Collect$$$$00000008)
    .ARM.Collect$$$$0000000A                 0x08000178   Section        0  entry8b.o(.ARM.Collect$$$$0000000A)
    .ARM.Collect$$$$0000000B                 0x08000178   Section        8  entry9a.o(.ARM.Collect$$$$0000000B)
    .ARM.Collect$$$$0000000E                 0x08000180   Section        4  entry12b.o(.ARM.Collect$$$$0000000E)
    .ARM.Collect$$$$0000000F                 0x08000184   Section        0  entry10a.o(.ARM.Collect$$$$0000000F)
    .ARM.Collect$$$$00000011                 0x08000184   Section        0  entry11a.o(.ARM.Collect$$$$00000011)
    .ARM.Collect$$$$00002712                 0x08000184   Section        4  entry2.o(.ARM.Collect$$$$00002712)
    __lit__00000000                          0x08000184   Data           4  entry2.o(.ARM.Collect$$$$00002712)
    .emb_text                                0x08000188   Section      190  port.o(.emb_text)
    $v0                                      0x08000188   Number         0  port.o(.emb_text)
    .text                                    0x08000248   Section       36  startup_at32f413rx_hd.o(.text)
    $v0                                      0x08000248   Number         0  startup_at32f413rx_hd.o(.text)
    .text                                    0x0800026c   Section        0  uldiv.o(.text)
    .text                                    0x080002ce   Section        0  memcpya.o(.text)
    .text                                    0x080002f2   Section        0  memseta.o(.text)
    .text                                    0x08000316   Section        0  calloc.o(.text)
    .text                                    0x08000332   Section        0  dmul.o(.text)
    .text                                    0x08000416   Section        0  ddiv.o(.text)
    .text                                    0x080004f4   Section        0  dfltui.o(.text)
    .text                                    0x0800050e   Section        0  dfixui.o(.text)
    .text                                    0x08000540   Section        0  f2d.o(.text)
    .text                                    0x08000566   Section        0  d2f.o(.text)
    .text                                    0x0800059e   Section        0  uidiv.o(.text)
    .text                                    0x080005ca   Section        0  llshl.o(.text)
    .text                                    0x080005e8   Section        0  llushr.o(.text)
    .text                                    0x08000608   Section        0  fepilogue.o(.text)
    .text                                    0x08000608   Section        0  iusefp.o(.text)
    .text                                    0x08000676   Section        0  depilogue.o(.text)
    .text                                    0x08000730   Section        0  dadd.o(.text)
    .text                                    0x08000880   Section        0  drnd.o(.text)
    .text                                    0x08000908   Section        0  dflti.o(.text)
    .text                                    0x0800092c   Section       48  cdcmple.o(.text)
    .text                                    0x0800095c   Section       48  cdrcmple.o(.text)
    .text                                    0x0800098c   Section       36  init.o(.text)
    .text                                    0x080009b0   Section        0  llsshr.o(.text)
    i.AT32F413_SC1233_INIT                   0x080009d4   Section        0  main_at32f4xx.o(i.AT32F413_SC1233_INIT)
    i.CE_OFF                                 0x080009e8   Section        0  sc123x_gpio.o(i.CE_OFF)
    i.CE_ON                                  0x080009f4   Section        0  sc123x_gpio.o(i.CE_ON)
    i.GPIO_Configuration                     0x08000a00   Section        0  main_at32f4xx.o(i.GPIO_Configuration)
    i.GPIO_Init                              0x08000aa8   Section        0  at32f4xx_gpio.o(i.GPIO_Init)
    i.GPIO_ReadInputDataBit                  0x08000bbe   Section        0  at32f4xx_gpio.o(i.GPIO_ReadInputDataBit)
    i.GPIO_StructInit                        0x08000bd0   Section        0  at32f4xx_gpio.o(i.GPIO_StructInit)
    i.I2C_OFF                                0x08000be0   Section        0  sc123x_gpio.o(i.I2C_OFF)
    i.NRST_OFF                               0x08000bec   Section        0  sc123x_gpio.o(i.NRST_OFF)
    i.NRST_ON                                0x08000bf8   Section        0  sc123x_gpio.o(i.NRST_ON)
    i.NSS_HIGH                               0x08000c04   Section        0  sc123x_gpio.o(i.NSS_HIGH)
    i.NSS_LOW                                0x08000c10   Section        0  sc123x_gpio.o(i.NSS_LOW)
    i.RCC_AHBPeriphClockCmd                  0x08000c1c   Section        0  at32f4xx_rcc.o(i.RCC_AHBPeriphClockCmd)
    i.RCC_APB2PeriphClockCmd                 0x08000c3c   Section        0  at32f4xx_rcc.o(i.RCC_APB2PeriphClockCmd)
    i.RCC_Configuration                      0x08000c5c   Section        0  main_at32f4xx.o(i.RCC_Configuration)
    i.RCC_GetClocksFreq                      0x08000c8c   Section        0  at32f4xx_rcc.o(i.RCC_GetClocksFreq)
    i.SPI_Configuration                      0x08000df4   Section        0  main_at32f4xx.o(i.SPI_Configuration)
    i.SPI_DefaultInitParaConfig              0x08000e4c   Section        0  at32f4xx_spi.o(i.SPI_DefaultInitParaConfig)
    i.SPI_Enable                             0x08000e64   Section        0  at32f4xx_spi.o(i.SPI_Enable)
    i.SPI_I2S_GetFlagStatus                  0x08000e7c   Section        0  at32f4xx_spi.o(i.SPI_I2S_GetFlagStatus)
    i.SPI_I2S_RxData                         0x08000e8e   Section        0  at32f4xx_spi.o(i.SPI_I2S_RxData)
    i.SPI_I2S_TxData                         0x08000e94   Section        0  at32f4xx_spi.o(i.SPI_I2S_TxData)
    i.SPI_Init                               0x08000e98   Section        0  at32f4xx_spi.o(i.SPI_Init)
    i.SetSysClock                            0x08000ef2   Section        0  system_at32f4xx.o(i.SetSysClock)
    SetSysClock                              0x08000ef3   Thumb Code     2  system_at32f4xx.o(i.SetSysClock)
    i.SysTick_Handler                        0x08000ef4   Section        0  port.o(i.SysTick_Handler)
    i.SystemInit                             0x08000f28   Section        0  system_at32f4xx.o(i.SystemInit)
    i.UART_Configuration                     0x08000fac   Section        0  main_at32f4xx.o(i.UART_Configuration)
    i.USART_Cmd                              0x08000fe8   Section        0  at32f4xx_usart.o(i.USART_Cmd)
    i.USART_GetFlagStatus                    0x08001000   Section        0  at32f4xx_usart.o(i.USART_GetFlagStatus)
    i.USART_Init                             0x0800101c   Section        0  at32f4xx_usart.o(i.USART_Init)
    i.USART_SendData                         0x08001104   Section        0  at32f4xx_usart.o(i.USART_SendData)
    i.USART_StructInit                       0x0800110c   Section        0  at32f4xx_usart.o(i.USART_StructInit)
    i.__0printf$1                            0x08001124   Section        0  printf1.o(i.__0printf$1)
    i.__hardfp_ceil                          0x08001148   Section        0  ceil.o(i.__hardfp_ceil)
    i.__hardfp_floor                         0x08001260   Section        0  floor.o(i.__hardfp_floor)
    i.__hardfp_log                           0x08001378   Section        0  log.o(i.__hardfp_log)
    i.__hardfp_log10                         0x08001740   Section        0  log10.o(i.__hardfp_log10)
    i.__hardfp_round                         0x08001870   Section        0  round.o(i.__hardfp_round)
    i.__kernel_poly                          0x08001950   Section        0  poly.o(i.__kernel_poly)
    i.__mathlib_dbl_divzero                  0x08001a48   Section        0  dunder.o(i.__mathlib_dbl_divzero)
    i.__mathlib_dbl_infnan                   0x08001a78   Section        0  dunder.o(i.__mathlib_dbl_infnan)
    i.__mathlib_dbl_invalid                  0x08001a90   Section        0  dunder.o(i.__mathlib_dbl_invalid)
    i.__scatterload_copy                     0x08001ab0   Section       14  handlers.o(i.__scatterload_copy)
    i.__scatterload_null                     0x08001abe   Section        2  handlers.o(i.__scatterload_null)
    i.__scatterload_zeroinit                 0x08001ac0   Section       14  handlers.o(i.__scatterload_zeroinit)
    i.__set_errno                            0x08001ad0   Section        0  errno.o(i.__set_errno)
    i._effective_chirp_bandwidth             0x08001adc   Section        0  rs_ctl_setup.o(i._effective_chirp_bandwidth)
    i._point_per_chirp                       0x08001b2c   Section        0  rs_ctl_setup.o(i._point_per_chirp)
    i._printf_core                           0x08001bdc   Section        0  printf1.o(i._printf_core)
    _printf_core                             0x08001bdd   Thumb Code   336  printf1.o(i._printf_core)
    i._table_read_reg                        0x08001d30   Section        0  rs_ctl_setup.o(i._table_read_reg)
    i.conv_power                             0x08001d54   Section        0  rs_ctl_distance.o(i.conv_power)
    conv_power                               0x08001d55   Thumb Code    70  rs_ctl_distance.o(i.conv_power)
    i.distance_range                         0x08001da4   Section        0  rs_ctl_distance.o(i.distance_range)
    distance_range                           0x08001da5   Thumb Code    68  rs_ctl_distance.o(i.distance_range)
    i.distance_wide_get                      0x08001de8   Section        0  rs_ctl_distance.o(i.distance_wide_get)
    i.distance_wide_update_param             0x08001e00   Section        0  rs_ctl_distance.o(i.distance_wide_update_param)
    i.fputc                                  0x08001e2c   Section        0  at32_board.o(i.fputc)
    i.free                                   0x08001e50   Section        0  malloc.o(i.free)
    i.get_devdata                            0x08001ea0   Section        0  rs_ctl_distance.o(i.get_devdata)
    i.get_distance_data                      0x08001f18   Section        0  rs_ctl_distance.o(i.get_distance_data)
    i.get_expected_crc                       0x08001fa0   Section        0  general.o(i.get_expected_crc)
    i.log                                    0x08001fd4   Section        0  log.o(i.log)
    i.main                                   0x08001fe4   Section        0  main.o(i.main)
    i.malloc                                 0x08002020   Section        0  malloc.o(i.malloc)
    i.prvAddCurrentTaskToDelayedList         0x0800208c   Section        0  tasks.o(i.prvAddCurrentTaskToDelayedList)
    prvAddCurrentTaskToDelayedList           0x0800208d   Thumb Code   124  tasks.o(i.prvAddCurrentTaskToDelayedList)
    i.prvAddNewTaskToReadyList               0x08002124   Section        0  tasks.o(i.prvAddNewTaskToReadyList)
    prvAddNewTaskToReadyList                 0x08002125   Thumb Code   150  tasks.o(i.prvAddNewTaskToReadyList)
    i.prvCheckTasksWaitingTermination        0x080021d8   Section        0  tasks.o(i.prvCheckTasksWaitingTermination)
    prvCheckTasksWaitingTermination          0x080021d9   Thumb Code    60  tasks.o(i.prvCheckTasksWaitingTermination)
    i.prvDeleteTCB                           0x08002220   Section        0  tasks.o(i.prvDeleteTCB)
    prvDeleteTCB                             0x08002221   Thumb Code    18  tasks.o(i.prvDeleteTCB)
    i.prvHeapInit                            0x08002234   Section        0  heap_4.o(i.prvHeapInit)
    prvHeapInit                              0x08002235   Thumb Code    98  heap_4.o(i.prvHeapInit)
    i.prvIdleTask                            0x080022b0   Section        0  tasks.o(i.prvIdleTask)
    prvIdleTask                              0x080022b1   Thumb Code    32  tasks.o(i.prvIdleTask)
    i.prvInitialiseNewTask                   0x080022d8   Section        0  tasks.o(i.prvInitialiseNewTask)
    prvInitialiseNewTask                     0x080022d9   Thumb Code   164  tasks.o(i.prvInitialiseNewTask)
    i.prvInitialiseTaskLists                 0x0800237c   Section        0  tasks.o(i.prvInitialiseTaskLists)
    prvInitialiseTaskLists                   0x0800237d   Thumb Code    70  tasks.o(i.prvInitialiseTaskLists)
    i.prvInsertBlockIntoFreeList             0x080023e4   Section        0  heap_4.o(i.prvInsertBlockIntoFreeList)
    prvInsertBlockIntoFreeList               0x080023e5   Thumb Code    96  heap_4.o(i.prvInsertBlockIntoFreeList)
    i.prvResetNextTaskUnblockTime            0x0800244c   Section        0  tasks.o(i.prvResetNextTaskUnblockTime)
    prvResetNextTaskUnblockTime              0x0800244d   Thumb Code    42  tasks.o(i.prvResetNextTaskUnblockTime)
    i.prvTaskExitError                       0x08002480   Section        0  port.o(i.prvTaskExitError)
    prvTaskExitError                         0x08002481   Thumb Code    60  port.o(i.prvTaskExitError)
    i.pvPortMalloc                           0x080024c0   Section        0  heap_4.o(i.pvPortMalloc)
    i.pxPortInitialiseStack                  0x080025fc   Section        0  port.o(i.pxPortInitialiseStack)
    i.read_fifo                              0x08002628   Section        0  rs_ctl_distance.o(i.read_fifo)
    i.read_modify_write_reg                  0x08002678   Section        0  rs_ctl_dev.o(i.read_modify_write_reg)
    i.read_register                          0x080026a2   Section        0  rs_ctl_distance.o(i.read_register)
    i.read_status                            0x080026ea   Section        0  rs_ctl_distance.o(i.read_status)
    i.rs_calc_crc16                          0x08002700   Section        0  general.o(i.rs_calc_crc16)
    i.rs_ctl_cmd_boot                        0x08002740   Section        0  rs_ctl_cmd.o(i.rs_ctl_cmd_boot)
    i.rs_ctl_cmd_chipinit                    0x080027ac   Section        0  rs_ctl_cmd.o(i.rs_ctl_cmd_chipinit)
    i.rs_ctl_cmd_disable_seq                 0x080027dc   Section        0  rs_ctl_cmd.o(i.rs_ctl_cmd_disable_seq)
    i.rs_ctl_cmd_enable_seq                  0x080027f4   Section        0  rs_ctl_cmd.o(i.rs_ctl_cmd_enable_seq)
    i.rs_ctl_cmd_shutdown                    0x08002814   Section        0  rs_ctl_cmd.o(i.rs_ctl_cmd_shutdown)
    i.rs_ctl_cmd_wait_and_get_sensor_data    0x08002826   Section        0  rs_ctl_distance.o(i.rs_ctl_cmd_wait_and_get_sensor_data)
    i.rs_ctl_dev_read                        0x08002854   Section        0  rs_ctl_dev.o(i.rs_ctl_dev_read)
    i.rs_ctl_dev_write                       0x08002924   Section        0  rs_ctl_dev.o(i.rs_ctl_dev_write)
    i.rs_ctl_op_DSLEEP                       0x08002974   Section        0  rs_ctl_dev.o(i.rs_ctl_op_DSLEEP)
    i.rs_ctl_op_ENATM                        0x0800297e   Section        0  rs_ctl_dev.o(i.rs_ctl_op_ENATM)
    i.rs_ctl_op_HLDDT                        0x08002988   Section        0  rs_ctl_dev.o(i.rs_ctl_op_HLDDT)
    i.rs_ctl_op_RDSR                         0x08002994   Section        0  rs_ctl_dev.o(i.rs_ctl_op_RDSR)
    i.rs_ctl_op_RDSR2                        0x080029bc   Section        0  rs_ctl_dev.o(i.rs_ctl_op_RDSR2)
    i.rs_ctl_op_RUNTM                        0x080029e4   Section        0  rs_ctl_dev.o(i.rs_ctl_op_RUNTM)
    i.rs_ctl_op_SRST                         0x080029ee   Section        0  rs_ctl_dev.o(i.rs_ctl_op_SRST)
    i.rs_ctl_op_UPDDT                        0x080029f8   Section        0  rs_ctl_dev.o(i.rs_ctl_op_UPDDT)
    i.rs_ctl_op_WRSR                         0x08002a04   Section        0  rs_ctl_dev.o(i.rs_ctl_op_WRSR)
    i.rs_ctl_op_fast_control                 0x08002a20   Section        0  rs_ctl_dev.o(i.rs_ctl_op_fast_control)
    i.rs_ctl_op_read_region                  0x08002a2c   Section        0  rs_ctl_dev.o(i.rs_ctl_op_read_region)
    i.rs_ctl_read_reg                        0x08002a5a   Section        0  rs_ctl_dev.o(i.rs_ctl_read_reg)
    i.rs_ctl_read_regs                       0x08002a90   Section        0  rs_ctl_dev.o(i.rs_ctl_read_regs)
    i.rs_ctl_sensor_data_free                0x08002ba0   Section        0  rs_ctl_distance.o(i.rs_ctl_sensor_data_free)
    i.rs_ctl_sensor_data_init                0x08002bb8   Section        0  rs_ctl_distance.o(i.rs_ctl_sensor_data_init)
    i.rs_ctl_write_mem                       0x08002bc0   Section        0  rs_ctl_dev.o(i.rs_ctl_write_mem)
    i.rs_ctl_write_mem_seq                   0x08002c00   Section        0  rs_ctl_dev.o(i.rs_ctl_write_mem_seq)
    i.rs_ctl_write_reg                       0x08002c8c   Section        0  rs_ctl_dev.o(i.rs_ctl_write_reg)
    i.rs_ctl_write_regs                      0x08002cc0   Section        0  rs_ctl_dev.o(i.rs_ctl_write_regs)
    i.rs_get_distance                        0x08002d28   Section        0  rs_ctl_distance.o(i.rs_get_distance)
    i.rs_load_seq_code                       0x08002d60   Section        0  rs_ctl_setup.o(i.rs_load_seq_code)
    i.rs_open                                0x08002d78   Section        0  rs_ctl_base.o(i.rs_open)
    i.rs_setup_beta                          0x08002da0   Section        0  rs_ctl_distance.o(i.rs_setup_beta)
    i.rs_setup_getcode                       0x08002db4   Section        0  rs_ctl_setup.o(i.rs_setup_getcode)
    i.rs_setup_hpf                           0x08002e18   Section        0  rs_ctl_setup.o(i.rs_setup_hpf)
    i.rs_setup_interval                      0x08002ebc   Section        0  rs_ctl_setup.o(i.rs_setup_interval)
    i.rs_setup_param                         0x08002ed0   Section        0  rs_ctl_setup.o(i.rs_setup_param)
    i.rs_setup_param_local                   0x08002eec   Section        0  rs_ctl_setup.o(i.rs_setup_param_local)
    i.rs_setup_range                         0x08002ef8   Section        0  rs_ctl_setup.o(i.rs_setup_range)
    i.rs_setup_range_peak                    0x0800307c   Section        0  rs_ctl_distance.o(i.rs_setup_range_peak)
    i.rs_setup_seq                           0x080030ae   Section        0  rs_ctl_setup.o(i.rs_setup_seq)
    i.rs_start_body                          0x08003148   Section        0  rs_ctl_base.o(i.rs_start_body)
    i.rs_update_param_local                  0x080031b0   Section        0  rs_ctl_setup.o(i.rs_update_param_local)
    i.taskMain                               0x080031c0   Section        0  main.o(i.taskMain)
    i.uint32_to_uint8                        0x0800324c   Section        0  general.o(i.uint32_to_uint8)
    i.uint8_to_uint32                        0x0800325c   Section        0  general.o(i.uint8_to_uint32)
    i.uxListRemove                           0x08003274   Section        0  list.o(i.uxListRemove)
    i.vListInitialise                        0x0800329c   Section        0  list.o(i.vListInitialise)
    i.vListInitialiseItem                    0x080032b6   Section        0  list.o(i.vListInitialiseItem)
    i.vListInsert                            0x080032bc   Section        0  list.o(i.vListInsert)
    i.vListInsertEnd                         0x080032f0   Section        0  list.o(i.vListInsertEnd)
    i.vPortEnterCritical                     0x08003308   Section        0  port.o(i.vPortEnterCritical)
    i.vPortExitCritical                      0x0800335c   Section        0  port.o(i.vPortExitCritical)
    i.vPortFree                              0x08003398   Section        0  heap_4.o(i.vPortFree)
    i.vPortSetupTimerInterrupt               0x0800342c   Section        0  port.o(i.vPortSetupTimerInterrupt)
    i.vTaskDelay                             0x08003454   Section        0  tasks.o(i.vTaskDelay)
    i.vTaskStartScheduler                    0x080034b0   Section        0  tasks.o(i.vTaskStartScheduler)
    i.vTaskSuspendAll                        0x08003538   Section        0  tasks.o(i.vTaskSuspendAll)
    i.vTaskSwitchContext                     0x08003548   Section        0  tasks.o(i.vTaskSwitchContext)
    i.xPortStartScheduler                    0x080035d4   Section        0  port.o(i.xPortStartScheduler)
    i.xTaskCreate                            0x0800373c   Section        0  tasks.o(i.xTaskCreate)
    i.xTaskIncrementTick                     0x0800379c   Section        0  tasks.o(i.xTaskIncrementTick)
    i.xTaskResumeAll                         0x080038e4   Section        0  tasks.o(i.xTaskResumeAll)
    .constdata                               0x080039e8   Section     3358  rs_ctl_distance.o(.constdata)
    mode_distance_wide_fine_60db_4400us_seq  0x080039e8   Data        2848  rs_ctl_distance.o(.constdata)
    mode_distance_wide_fine_60db_4400us_fftwin 0x08004508   Data         128  rs_ctl_distance.o(.constdata)
    mode_distance_wide_fine_60db_4400us_regaddr 0x08004588   Data         108  rs_ctl_distance.o(.constdata)
    mode_distance_wide_fine_60db_4400us_regval 0x080045f4   Data         216  rs_ctl_distance.o(.constdata)
    mode_distance_wide_fine_60db_4400us      0x080046cc   Data          32  rs_ctl_distance.o(.constdata)
    .constdata                               0x08004706   Section       16  at32f4xx_rcc.o(.constdata)
    APBAHBPscTable                           0x08004706   Data           8  at32f4xx_rcc.o(.constdata)
    ADCPscTable                              0x0800470e   Data           8  at32f4xx_rcc.o(.constdata)
    .constdata                               0x08004718   Section       56  log.o(.constdata)
    Lg2                                      0x08004718   Data          24  log.o(.constdata)
    Lg                                       0x08004730   Data          32  log.o(.constdata)
    .constdata                               0x08004750   Section        8  qnan.o(.constdata)
    .data                                    0x20000000   Section       73  at32_board.o(.data)
    fac_us                                   0x20000040   Data           4  at32_board.o(.data)
    fac_ms                                   0x20000044   Data           4  at32_board.o(.data)
    Pressed                                  0x20000048   Data           1  at32_board.o(.data)
    .data                                    0x2000004c   Section       20  system_at32f4xx.o(.data)
    .data                                    0x20000060   Section       24  heap_4.o(.data)
    xStart                                   0x20000060   Data           8  heap_4.o(.data)
    pxEnd                                    0x20000068   Data           4  heap_4.o(.data)
    xFreeBytesRemaining                      0x2000006c   Data           4  heap_4.o(.data)
    xMinimumEverFreeBytesRemaining           0x20000070   Data           4  heap_4.o(.data)
    xBlockAllocatedBit                       0x20000074   Data           4  heap_4.o(.data)
    .data                                    0x20000078   Section       12  port.o(.data)
    uxCriticalNesting                        0x20000078   Data           4  port.o(.data)
    ucMaxSysCallPriority                     0x2000007c   Data           1  port.o(.data)
    ulMaxPRIGROUPValue                       0x20000080   Data           4  port.o(.data)
    .data                                    0x20000084   Section       60  tasks.o(.data)
    pxDelayedTaskList                        0x20000088   Data           4  tasks.o(.data)
    pxOverflowDelayedTaskList                0x2000008c   Data           4  tasks.o(.data)
    uxDeletedTasksWaitingCleanUp             0x20000090   Data           4  tasks.o(.data)
    uxCurrentNumberOfTasks                   0x20000094   Data           4  tasks.o(.data)
    xTickCount                               0x20000098   Data           4  tasks.o(.data)
    uxTopReadyPriority                       0x2000009c   Data           4  tasks.o(.data)
    xSchedulerRunning                        0x200000a0   Data           4  tasks.o(.data)
    uxPendedTicks                            0x200000a4   Data           4  tasks.o(.data)
    xYieldPending                            0x200000a8   Data           4  tasks.o(.data)
    xNumOfOverflows                          0x200000ac   Data           4  tasks.o(.data)
    uxTaskNumber                             0x200000b0   Data           4  tasks.o(.data)
    xNextTaskUnblockTime                     0x200000b4   Data           4  tasks.o(.data)
    xIdleTaskHandle                          0x200000b8   Data           4  tasks.o(.data)
    uxSchedulerSuspended                     0x200000bc   Data           4  tasks.o(.data)
    .data                                    0x200000c0   Section        4  mvars.o(.data)
    .data                                    0x200000c4   Section        4  mvars.o(.data)
    .data                                    0x200000c8   Section        4  errno.o(.data)
    _errno                                   0x200000c8   Data           4  errno.o(.data)
    .bss                                     0x200000cc   Section       56  main.o(.bss)
    .bss                                     0x20000104   Section     8192  heap_4.o(.bss)
    ucHeap                                   0x20000104   Data        8192  heap_4.o(.bss)
    .bss                                     0x20002104   Section      200  tasks.o(.bss)
    pxReadyTasksLists                        0x20002104   Data         100  tasks.o(.bss)
    xDelayedTaskList1                        0x20002168   Data          20  tasks.o(.bss)
    xDelayedTaskList2                        0x2000217c   Data          20  tasks.o(.bss)
    xPendingReadyList                        0x20002190   Data          20  tasks.o(.bss)
    xTasksWaitingTermination                 0x200021a4   Data          20  tasks.o(.bss)
    xSuspendedTaskList                       0x200021b8   Data          20  tasks.o(.bss)
    HEAP                                     0x200021d0   Section      512  startup_at32f413rx_hd.o(HEAP)
    STACK                                    0x200023d0   Section     1024  startup_at32f413rx_hd.o(STACK)

    Global Symbols

    Symbol Name                              Value     Ov Type        Size  Object(Section)

    BuildAttributes$$THM_ISAv4$E$P$D$K$B$S$7EM$VFPi3$EXTD16$VFPS$VFMA$PE$A:L22UL41UL21$X:L11$S22US41US21$IEEE1$IW$USESV6$~STKCKD$USESV7$~SHL$OTIME$ROPI$IEEEX$EBA8$MICROLIB$REQ8$PRES8$EABIv2 0x00000000   Number         0  anon$$obj.o ABSOLUTE
    __ARM_use_no_argv                        0x00000000   Number         0  main.o ABSOLUTE
    __use_no_errno                           0x00000000   Number         0  useno.o ABSOLUTE
    __use_no_exception_handling              0x00000000   Number         0  useno.o ABSOLUTE
    __use_no_fp                              0x00000000   Number         0  useno.o ABSOLUTE
    __use_no_heap                            0x00000000   Number         0  useno.o ABSOLUTE
    __use_no_heap_region                     0x00000000   Number         0  useno.o ABSOLUTE
    __use_no_semihosting                     0x00000000   Number         0  useno.o ABSOLUTE
    __use_no_semihosting_swi                 0x00000000   Number         0  useno.o ABSOLUTE
    __use_no_signal_handling                 0x00000000   Number         0  useno.o ABSOLUTE
    _printf_a                                0x00000000   Number         0  stubs.o ABSOLUTE
    _printf_c                                0x00000000   Number         0  stubs.o ABSOLUTE
    _printf_charcount                        0x00000000   Number         0  stubs.o ABSOLUTE
    _printf_d                                0x00000000   Number         0  stubs.o ABSOLUTE
    _printf_e                                0x00000000   Number         0  stubs.o ABSOLUTE
    _printf_f                                0x00000000   Number         0  stubs.o ABSOLUTE
    _printf_flags                            0x00000000   Number         0  stubs.o ABSOLUTE
    _printf_fp_dec                           0x00000000   Number         0  stubs.o ABSOLUTE
    _printf_fp_hex                           0x00000000   Number         0  stubs.o ABSOLUTE
    _printf_g                                0x00000000   Number         0  stubs.o ABSOLUTE
    _printf_i                                0x00000000   Number         0  stubs.o ABSOLUTE
    _printf_int_dec                          0x00000000   Number         0  stubs.o ABSOLUTE
    _printf_l                                0x00000000   Number         0  stubs.o ABSOLUTE
    _printf_lc                               0x00000000   Number         0  stubs.o ABSOLUTE
    _printf_ll                               0x00000000   Number         0  stubs.o ABSOLUTE
    _printf_lld                              0x00000000   Number         0  stubs.o ABSOLUTE
    _printf_lli                              0x00000000   Number         0  stubs.o ABSOLUTE
    _printf_llo                              0x00000000   Number         0  stubs.o ABSOLUTE
    _printf_llu                              0x00000000   Number         0  stubs.o ABSOLUTE
    _printf_llx                              0x00000000   Number         0  stubs.o ABSOLUTE
    _printf_longlong_dec                     0x00000000   Number         0  stubs.o ABSOLUTE
    _printf_longlong_hex                     0x00000000   Number         0  stubs.o ABSOLUTE
    _printf_longlong_oct                     0x00000000   Number         0  stubs.o ABSOLUTE
    _printf_ls                               0x00000000   Number         0  stubs.o ABSOLUTE
    _printf_mbtowc                           0x00000000   Number         0  stubs.o ABSOLUTE
    _printf_n                                0x00000000   Number         0  stubs.o ABSOLUTE
    _printf_o                                0x00000000   Number         0  stubs.o ABSOLUTE
    _printf_p                                0x00000000   Number         0  stubs.o ABSOLUTE
    _printf_percent                          0x00000000   Number         0  stubs.o ABSOLUTE
    _printf_pre_padding                      0x00000000   Number         0  stubs.o ABSOLUTE
    _printf_return_value                     0x00000000   Number         0  stubs.o ABSOLUTE
    _printf_s                                0x00000000   Number         0  stubs.o ABSOLUTE
    _printf_sizespec                         0x00000000   Number         0  stubs.o ABSOLUTE
    _printf_str                              0x00000000   Number         0  stubs.o ABSOLUTE
    _printf_truncate_signed                  0x00000000   Number         0  stubs.o ABSOLUTE
    _printf_truncate_unsigned                0x00000000   Number         0  stubs.o ABSOLUTE
    _printf_u                                0x00000000   Number         0  stubs.o ABSOLUTE
    _printf_wc                               0x00000000   Number         0  stubs.o ABSOLUTE
    _printf_wctomb                           0x00000000   Number         0  stubs.o ABSOLUTE
    _printf_widthprec                        0x00000000   Number         0  stubs.o ABSOLUTE
    _printf_x                                0x00000000   Number         0  stubs.o ABSOLUTE
    __arm_fini_                               - Undefined Weak Reference
    __cpp_initialize__aeabi_                  - Undefined Weak Reference
    __cxa_finalize                            - Undefined Weak Reference
    __decompress                              - Undefined Weak Reference
    _clock_init                               - Undefined Weak Reference
    _microlib_exit                            - Undefined Weak Reference
    __Vectors_Size                           0x00000170   Number         0  startup_at32f413rx_hd.o ABSOLUTE
    __Vectors                                0x08000000   Data           4  startup_at32f413rx_hd.o(RESET)
    __Vectors_End                            0x08000170   Data           0  startup_at32f413rx_hd.o(RESET)
    __main                                   0x08000171   Thumb Code     0  entry.o(.ARM.Collect$$$$00000000)
    _main_stk                                0x08000171   Thumb Code     0  entry2.o(.ARM.Collect$$$$00000001)
    _main_scatterload                        0x08000175   Thumb Code     0  entry5.o(.ARM.Collect$$$$00000004)
    __main_after_scatterload                 0x08000179   Thumb Code     0  entry5.o(.ARM.Collect$$$$00000004)
    _main_clock                              0x08000179   Thumb Code     0  entry7b.o(.ARM.Collect$$$$00000008)
    _main_cpp_init                           0x08000179   Thumb Code     0  entry8b.o(.ARM.Collect$$$$0000000A)
    _main_init                               0x08000179   Thumb Code     0  entry9a.o(.ARM.Collect$$$$0000000B)
    __rt_lib_shutdown_fini                   0x08000181   Thumb Code     0  entry12b.o(.ARM.Collect$$$$0000000E)
    __rt_final_cpp                           0x08000185   Thumb Code     0  entry10a.o(.ARM.Collect$$$$0000000F)
    __rt_final_exit                          0x08000185   Thumb Code     0  entry11a.o(.ARM.Collect$$$$00000011)
    SVC_Handler                              0x08000189   Thumb Code    28  port.o(.emb_text)
    __asm___6_port_c_39a90d8d__prvStartFirstTask 0x080001a9   Thumb Code    36  port.o(.emb_text)
    __asm___6_port_c_39a90d8d__prvEnableVFP  0x080001d1   Thumb Code    16  port.o(.emb_text)
    PendSV_Handler                           0x080001e5   Thumb Code    88  port.o(.emb_text)
    vPortGetIPSR                             0x08000241   Thumb Code     6  port.o(.emb_text)
    Reset_Handler                            0x08000249   Thumb Code     8  startup_at32f413rx_hd.o(.text)
    NMI_Handler                              0x08000251   Thumb Code     2  startup_at32f413rx_hd.o(.text)
    HardFault_Handler                        0x08000253   Thumb Code     2  startup_at32f413rx_hd.o(.text)
    MemManage_Handler                        0x08000255   Thumb Code     2  startup_at32f413rx_hd.o(.text)
    BusFault_Handler                         0x08000257   Thumb Code     2  startup_at32f413rx_hd.o(.text)
    UsageFault_Handler                       0x08000259   Thumb Code     2  startup_at32f413rx_hd.o(.text)
    DebugMon_Handler                         0x0800025d   Thumb Code     2  startup_at32f413rx_hd.o(.text)
    ACC_IRQHandler                           0x08000263   Thumb Code     0  startup_at32f413rx_hd.o(.text)
    ADC1_2_IRQHandler                        0x08000263   Thumb Code     0  startup_at32f413rx_hd.o(.text)
    CAN1_RX1_IRQHandler                      0x08000263   Thumb Code     0  startup_at32f413rx_hd.o(.text)
    CAN1_SCE_IRQHandler                      0x08000263   Thumb Code     0  startup_at32f413rx_hd.o(.text)
    CAN2_RX0_IRQHandler                      0x08000263   Thumb Code     0  startup_at32f413rx_hd.o(.text)
    CAN2_RX1_IRQHandler                      0x08000263   Thumb Code     0  startup_at32f413rx_hd.o(.text)
    CAN2_SCE_IRQHandler                      0x08000263   Thumb Code     0  startup_at32f413rx_hd.o(.text)
    CAN2_TX_IRQHandler                       0x08000263   Thumb Code     0  startup_at32f413rx_hd.o(.text)
    DMA1_Channel1_IRQHandler                 0x08000263   Thumb Code     0  startup_at32f413rx_hd.o(.text)
    DMA1_Channel2_IRQHandler                 0x08000263   Thumb Code     0  startup_at32f413rx_hd.o(.text)
    DMA1_Channel3_IRQHandler                 0x08000263   Thumb Code     0  startup_at32f413rx_hd.o(.text)
    DMA1_Channel4_IRQHandler                 0x08000263   Thumb Code     0  startup_at32f413rx_hd.o(.text)
    DMA1_Channel5_IRQHandler                 0x08000263   Thumb Code     0  startup_at32f413rx_hd.o(.text)
    DMA1_Channel6_IRQHandler                 0x08000263   Thumb Code     0  startup_at32f413rx_hd.o(.text)
    DMA1_Channel7_IRQHandler                 0x08000263   Thumb Code     0  startup_at32f413rx_hd.o(.text)
    DMA2_Channel1_IRQHandler                 0x08000263   Thumb Code     0  startup_at32f413rx_hd.o(.text)
    DMA2_Channel2_IRQHandler                 0x08000263   Thumb Code     0  startup_at32f413rx_hd.o(.text)
    DMA2_Channel3_IRQHandler                 0x08000263   Thumb Code     0  startup_at32f413rx_hd.o(.text)
    DMA2_Channel4_5_IRQHandler               0x08000263   Thumb Code     0  startup_at32f413rx_hd.o(.text)
    DMA2_Channel6_7_IRQHandler               0x08000263   Thumb Code     0  startup_at32f413rx_hd.o(.text)
    EXTI0_IRQHandler                         0x08000263   Thumb Code     0  startup_at32f413rx_hd.o(.text)
    EXTI15_10_IRQHandler                     0x08000263   Thumb Code     0  startup_at32f413rx_hd.o(.text)
    EXTI1_IRQHandler                         0x08000263   Thumb Code     0  startup_at32f413rx_hd.o(.text)
    EXTI2_IRQHandler                         0x08000263   Thumb Code     0  startup_at32f413rx_hd.o(.text)
    EXTI3_IRQHandler                         0x08000263   Thumb Code     0  startup_at32f413rx_hd.o(.text)
    EXTI4_IRQHandler                         0x08000263   Thumb Code     0  startup_at32f413rx_hd.o(.text)
    EXTI9_5_IRQHandler                       0x08000263   Thumb Code     0  startup_at32f413rx_hd.o(.text)
    FLASH_IRQHandler                         0x08000263   Thumb Code     0  startup_at32f413rx_hd.o(.text)
    I2C1_ER_IRQHandler                       0x08000263   Thumb Code     0  startup_at32f413rx_hd.o(.text)
    I2C1_EV_IRQHandler                       0x08000263   Thumb Code     0  startup_at32f413rx_hd.o(.text)
    I2C2_ER_IRQHandler                       0x08000263   Thumb Code     0  startup_at32f413rx_hd.o(.text)
    I2C2_EV_IRQHandler                       0x08000263   Thumb Code     0  startup_at32f413rx_hd.o(.text)
    PVD_IRQHandler                           0x08000263   Thumb Code     0  startup_at32f413rx_hd.o(.text)
    RCC_IRQHandler                           0x08000263   Thumb Code     0  startup_at32f413rx_hd.o(.text)
    RTCAlarm_IRQHandler                      0x08000263   Thumb Code     0  startup_at32f413rx_hd.o(.text)
    RTC_IRQHandler                           0x08000263   Thumb Code     0  startup_at32f413rx_hd.o(.text)
    SDIO_IRQHandler                          0x08000263   Thumb Code     0  startup_at32f413rx_hd.o(.text)
    SPI1_IRQHandler                          0x08000263   Thumb Code     0  startup_at32f413rx_hd.o(.text)
    SPI2_IRQHandler                          0x08000263   Thumb Code     0  startup_at32f413rx_hd.o(.text)
    TAMPER_IRQHandler                        0x08000263   Thumb Code     0  startup_at32f413rx_hd.o(.text)
    TMR1_BRK_TMR9_IRQHandler                 0x08000263   Thumb Code     0  startup_at32f413rx_hd.o(.text)
    TMR1_CC_IRQHandler                       0x08000263   Thumb Code     0  startup_at32f413rx_hd.o(.text)
    TMR1_OV_TMR10_IRQHandler                 0x08000263   Thumb Code     0  startup_at32f413rx_hd.o(.text)
    TMR1_TRG_COM_TMR11_IRQHandler            0x08000263   Thumb Code     0  startup_at32f413rx_hd.o(.text)
    TMR2_GLOBAL_IRQHandler                   0x08000263   Thumb Code     0  startup_at32f413rx_hd.o(.text)
    TMR3_GLOBAL_IRQHandler                   0x08000263   Thumb Code     0  startup_at32f413rx_hd.o(.text)
    TMR4_GLOBAL_IRQHandler                   0x08000263   Thumb Code     0  startup_at32f413rx_hd.o(.text)
    TMR5_GLOBAL_IRQHandler                   0x08000263   Thumb Code     0  startup_at32f413rx_hd.o(.text)
    TMR8_BRK_TMR12_IRQHandler                0x08000263   Thumb Code     0  startup_at32f413rx_hd.o(.text)
    TMR8_CC_IRQHandler                       0x08000263   Thumb Code     0  startup_at32f413rx_hd.o(.text)
    TMR8_OV_TMR13_IRQHandler                 0x08000263   Thumb Code     0  startup_at32f413rx_hd.o(.text)
    TMR8_TRG_COM_TMR14_IRQHandler            0x08000263   Thumb Code     0  startup_at32f413rx_hd.o(.text)
    UART4_IRQHandler                         0x08000263   Thumb Code     0  startup_at32f413rx_hd.o(.text)
    UART5_IRQHandler                         0x08000263   Thumb Code     0  startup_at32f413rx_hd.o(.text)
    USART1_IRQHandler                        0x08000263   Thumb Code     0  startup_at32f413rx_hd.o(.text)
    USART2_IRQHandler                        0x08000263   Thumb Code     0  startup_at32f413rx_hd.o(.text)
    USART3_IRQHandler                        0x08000263   Thumb Code     0  startup_at32f413rx_hd.o(.text)
    USBWakeUp_IRQHandler                     0x08000263   Thumb Code     0  startup_at32f413rx_hd.o(.text)
    USB_HP_CAN1_TX_IRQHandler                0x08000263   Thumb Code     0  startup_at32f413rx_hd.o(.text)
    USB_HP_IRQHandler                        0x08000263   Thumb Code     0  startup_at32f413rx_hd.o(.text)
    USB_LP_CAN1_RX0_IRQHandler               0x08000263   Thumb Code     0  startup_at32f413rx_hd.o(.text)
    USB_LP_IRQHandler                        0x08000263   Thumb Code     0  startup_at32f413rx_hd.o(.text)
    WWDG_IRQHandler                          0x08000263   Thumb Code     0  startup_at32f413rx_hd.o(.text)
    __aeabi_uldivmod                         0x0800026d   Thumb Code    98  uldiv.o(.text)
    __aeabi_memcpy                           0x080002cf   Thumb Code    36  memcpya.o(.text)
    __aeabi_memcpy4                          0x080002cf   Thumb Code     0  memcpya.o(.text)
    __aeabi_memcpy8                          0x080002cf   Thumb Code     0  memcpya.o(.text)
    __aeabi_memset                           0x080002f3   Thumb Code    14  memseta.o(.text)
    __aeabi_memset4                          0x080002f3   Thumb Code     0  memseta.o(.text)
    __aeabi_memset8                          0x080002f3   Thumb Code     0  memseta.o(.text)
    __aeabi_memclr                           0x08000301   Thumb Code     4  memseta.o(.text)
    __aeabi_memclr4                          0x08000301   Thumb Code     0  memseta.o(.text)
    __aeabi_memclr8                          0x08000301   Thumb Code     0  memseta.o(.text)
    memset                                   0x08000305   Thumb Code    18  memseta.o(.text)
    calloc                                   0x08000317   Thumb Code    28  calloc.o(.text)
    __aeabi_dmul                             0x08000333   Thumb Code   228  dmul.o(.text)
    __aeabi_ddiv                             0x08000417   Thumb Code   222  ddiv.o(.text)
    __aeabi_ui2d                             0x080004f5   Thumb Code    26  dfltui.o(.text)
    __aeabi_d2uiz                            0x0800050f   Thumb Code    50  dfixui.o(.text)
    __aeabi_f2d                              0x08000541   Thumb Code    38  f2d.o(.text)
    __aeabi_d2f                              0x08000567   Thumb Code    56  d2f.o(.text)
    __aeabi_uidiv                            0x0800059f   Thumb Code     0  uidiv.o(.text)
    __aeabi_uidivmod                         0x0800059f   Thumb Code    44  uidiv.o(.text)
    __aeabi_llsl                             0x080005cb   Thumb Code    30  llshl.o(.text)
    _ll_shift_l                              0x080005cb   Thumb Code     0  llshl.o(.text)
    __aeabi_llsr                             0x080005e9   Thumb Code    32  llushr.o(.text)
    _ll_ushift_r                             0x080005e9   Thumb Code     0  llushr.o(.text)
    __I$use$fp                               0x08000609   Thumb Code     0  iusefp.o(.text)
    _float_round                             0x08000609   Thumb Code    18  fepilogue.o(.text)
    _float_epilogue                          0x0800061b   Thumb Code    92  fepilogue.o(.text)
    _double_round                            0x08000677   Thumb Code    30  depilogue.o(.text)
    _double_epilogue                         0x08000695   Thumb Code   156  depilogue.o(.text)
    __aeabi_dadd                             0x08000731   Thumb Code   322  dadd.o(.text)
    __aeabi_dsub                             0x08000873   Thumb Code     6  dadd.o(.text)
    __aeabi_drsub                            0x08000879   Thumb Code     6  dadd.o(.text)
    _drnd                                    0x08000881   Thumb Code   132  drnd.o(.text)
    __aeabi_i2d                              0x08000909   Thumb Code    34  dflti.o(.text)
    __aeabi_cdcmpeq                          0x0800092d   Thumb Code     0  cdcmple.o(.text)
    __aeabi_cdcmple                          0x0800092d   Thumb Code    48  cdcmple.o(.text)
    __aeabi_cdrcmple                         0x0800095d   Thumb Code    48  cdrcmple.o(.text)
    __scatterload                            0x0800098d   Thumb Code    28  init.o(.text)
    __scatterload_rt2                        0x0800098d   Thumb Code     0  init.o(.text)
    __aeabi_lasr                             0x080009b1   Thumb Code    36  llsshr.o(.text)
    _ll_sshift_r                             0x080009b1   Thumb Code     0  llsshr.o(.text)
    AT32F413_SC1233_INIT                     0x080009d5   Thumb Code    20  main_at32f4xx.o(i.AT32F413_SC1233_INIT)
    CE_OFF                                   0x080009e9   Thumb Code     8  sc123x_gpio.o(i.CE_OFF)
    CE_ON                                    0x080009f5   Thumb Code     8  sc123x_gpio.o(i.CE_ON)
    GPIO_Configuration                       0x08000a01   Thumb Code   160  main_at32f4xx.o(i.GPIO_Configuration)
    GPIO_Init                                0x08000aa9   Thumb Code   278  at32f4xx_gpio.o(i.GPIO_Init)
    GPIO_ReadInputDataBit                    0x08000bbf   Thumb Code    18  at32f4xx_gpio.o(i.GPIO_ReadInputDataBit)
    GPIO_StructInit                          0x08000bd1   Thumb Code    16  at32f4xx_gpio.o(i.GPIO_StructInit)
    I2C_OFF                                  0x08000be1   Thumb Code     8  sc123x_gpio.o(i.I2C_OFF)
    NRST_OFF                                 0x08000bed   Thumb Code     8  sc123x_gpio.o(i.NRST_OFF)
    NRST_ON                                  0x08000bf9   Thumb Code     8  sc123x_gpio.o(i.NRST_ON)
    NSS_HIGH                                 0x08000c05   Thumb Code     8  sc123x_gpio.o(i.NSS_HIGH)
    NSS_LOW                                  0x08000c11   Thumb Code     8  sc123x_gpio.o(i.NSS_LOW)
    RCC_AHBPeriphClockCmd                    0x08000c1d   Thumb Code    26  at32f4xx_rcc.o(i.RCC_AHBPeriphClockCmd)
    RCC_APB2PeriphClockCmd                   0x08000c3d   Thumb Code    26  at32f4xx_rcc.o(i.RCC_APB2PeriphClockCmd)
    RCC_Configuration                        0x08000c5d   Thumb Code    46  main_at32f4xx.o(i.RCC_Configuration)
    RCC_GetClocksFreq                        0x08000c8d   Thumb Code   326  at32f4xx_rcc.o(i.RCC_GetClocksFreq)
    SPI_Configuration                        0x08000df5   Thumb Code    84  main_at32f4xx.o(i.SPI_Configuration)
    SPI_DefaultInitParaConfig                0x08000e4d   Thumb Code    24  at32f4xx_spi.o(i.SPI_DefaultInitParaConfig)
    SPI_Enable                               0x08000e65   Thumb Code    24  at32f4xx_spi.o(i.SPI_Enable)
    SPI_I2S_GetFlagStatus                    0x08000e7d   Thumb Code    18  at32f4xx_spi.o(i.SPI_I2S_GetFlagStatus)
    SPI_I2S_RxData                           0x08000e8f   Thumb Code     6  at32f4xx_spi.o(i.SPI_I2S_RxData)
    SPI_I2S_TxData                           0x08000e95   Thumb Code     4  at32f4xx_spi.o(i.SPI_I2S_TxData)
    SPI_Init                                 0x08000e99   Thumb Code    90  at32f4xx_spi.o(i.SPI_Init)
    SysTick_Handler                          0x08000ef5   Thumb Code    46  port.o(i.SysTick_Handler)
    SystemInit                               0x08000f29   Thumb Code   106  system_at32f4xx.o(i.SystemInit)
    UART_Configuration                       0x08000fad   Thumb Code    56  main_at32f4xx.o(i.UART_Configuration)
    USART_Cmd                                0x08000fe9   Thumb Code    24  at32f4xx_usart.o(i.USART_Cmd)
    USART_GetFlagStatus                      0x08001001   Thumb Code    26  at32f4xx_usart.o(i.USART_GetFlagStatus)
    USART_Init                               0x0800101d   Thumb Code   226  at32f4xx_usart.o(i.USART_Init)
    USART_SendData                           0x08001105   Thumb Code     8  at32f4xx_usart.o(i.USART_SendData)
    USART_StructInit                         0x0800110d   Thumb Code    24  at32f4xx_usart.o(i.USART_StructInit)
    __0printf$1                              0x08001125   Thumb Code    22  printf1.o(i.__0printf$1)
    __1printf$1                              0x08001125   Thumb Code     0  printf1.o(i.__0printf$1)
    __2printf                                0x08001125   Thumb Code     0  printf1.o(i.__0printf$1)
    __hardfp_ceil                            0x08001149   Thumb Code   252  ceil.o(i.__hardfp_ceil)
    __hardfp_floor                           0x08001261   Thumb Code   252  floor.o(i.__hardfp_floor)
    __hardfp_log                             0x08001379   Thumb Code   872  log.o(i.__hardfp_log)
    __hardfp_log10                           0x08001741   Thumb Code   260  log10.o(i.__hardfp_log10)
    __hardfp_round                           0x08001871   Thumb Code   194  round.o(i.__hardfp_round)
    __kernel_poly                            0x08001951   Thumb Code   248  poly.o(i.__kernel_poly)
    __mathlib_dbl_divzero                    0x08001a49   Thumb Code    28  dunder.o(i.__mathlib_dbl_divzero)
    __mathlib_dbl_infnan                     0x08001a79   Thumb Code    20  dunder.o(i.__mathlib_dbl_infnan)
    __mathlib_dbl_invalid                    0x08001a91   Thumb Code    24  dunder.o(i.__mathlib_dbl_invalid)
    __scatterload_copy                       0x08001ab1   Thumb Code    14  handlers.o(i.__scatterload_copy)
    __scatterload_null                       0x08001abf   Thumb Code     2  handlers.o(i.__scatterload_null)
    __scatterload_zeroinit                   0x08001ac1   Thumb Code    14  handlers.o(i.__scatterload_zeroinit)
    __set_errno                              0x08001ad1   Thumb Code     6  errno.o(i.__set_errno)
    _effective_chirp_bandwidth               0x08001add   Thumb Code    64  rs_ctl_setup.o(i._effective_chirp_bandwidth)
    _point_per_chirp                         0x08001b2d   Thumb Code   164  rs_ctl_setup.o(i._point_per_chirp)
    _table_read_reg                          0x08001d31   Thumb Code    36  rs_ctl_setup.o(i._table_read_reg)
    distance_wide_get                        0x08001de9   Thumb Code    18  rs_ctl_distance.o(i.distance_wide_get)
    distance_wide_update_param               0x08001e01   Thumb Code    42  rs_ctl_distance.o(i.distance_wide_update_param)
    fputc                                    0x08001e2d   Thumb Code    32  at32_board.o(i.fputc)
    free                                     0x08001e51   Thumb Code    76  malloc.o(i.free)
    get_devdata                              0x08001ea1   Thumb Code   120  rs_ctl_distance.o(i.get_devdata)
    get_distance_data                        0x08001f19   Thumb Code   136  rs_ctl_distance.o(i.get_distance_data)
    get_expected_crc                         0x08001fa1   Thumb Code    52  general.o(i.get_expected_crc)
    log                                      0x08001fd5   Thumb Code    16  log.o(i.log)
    main                                     0x08001fe5   Thumb Code    44  main.o(i.main)
    malloc                                   0x08002021   Thumb Code    92  malloc.o(i.malloc)
    pvPortMalloc                             0x080024c1   Thumb Code   296  heap_4.o(i.pvPortMalloc)
    pxPortInitialiseStack                    0x080025fd   Thumb Code    38  port.o(i.pxPortInitialiseStack)
    read_fifo                                0x08002629   Thumb Code    80  rs_ctl_distance.o(i.read_fifo)
    read_modify_write_reg                    0x08002679   Thumb Code    42  rs_ctl_dev.o(i.read_modify_write_reg)
    read_register                            0x080026a3   Thumb Code    72  rs_ctl_distance.o(i.read_register)
    read_status                              0x080026eb   Thumb Code    22  rs_ctl_distance.o(i.read_status)
    rs_calc_crc16                            0x08002701   Thumb Code    62  general.o(i.rs_calc_crc16)
    rs_ctl_cmd_boot                          0x08002741   Thumb Code   102  rs_ctl_cmd.o(i.rs_ctl_cmd_boot)
    rs_ctl_cmd_chipinit                      0x080027ad   Thumb Code    46  rs_ctl_cmd.o(i.rs_ctl_cmd_chipinit)
    rs_ctl_cmd_disable_seq                   0x080027dd   Thumb Code    20  rs_ctl_cmd.o(i.rs_ctl_cmd_disable_seq)
    rs_ctl_cmd_enable_seq                    0x080027f5   Thumb Code    28  rs_ctl_cmd.o(i.rs_ctl_cmd_enable_seq)
    rs_ctl_cmd_shutdown                      0x08002815   Thumb Code    18  rs_ctl_cmd.o(i.rs_ctl_cmd_shutdown)
    rs_ctl_cmd_wait_and_get_sensor_data      0x08002827   Thumb Code    46  rs_ctl_distance.o(i.rs_ctl_cmd_wait_and_get_sensor_data)
    rs_ctl_dev_read                          0x08002855   Thumb Code   200  rs_ctl_dev.o(i.rs_ctl_dev_read)
    rs_ctl_dev_write                         0x08002925   Thumb Code    74  rs_ctl_dev.o(i.rs_ctl_dev_write)
    rs_ctl_op_DSLEEP                         0x08002975   Thumb Code    10  rs_ctl_dev.o(i.rs_ctl_op_DSLEEP)
    rs_ctl_op_ENATM                          0x0800297f   Thumb Code    10  rs_ctl_dev.o(i.rs_ctl_op_ENATM)
    rs_ctl_op_HLDDT                          0x08002989   Thumb Code    10  rs_ctl_dev.o(i.rs_ctl_op_HLDDT)
    rs_ctl_op_RDSR                           0x08002995   Thumb Code    34  rs_ctl_dev.o(i.rs_ctl_op_RDSR)
    rs_ctl_op_RDSR2                          0x080029bd   Thumb Code    34  rs_ctl_dev.o(i.rs_ctl_op_RDSR2)
    rs_ctl_op_RUNTM                          0x080029e5   Thumb Code    10  rs_ctl_dev.o(i.rs_ctl_op_RUNTM)
    rs_ctl_op_SRST                           0x080029ef   Thumb Code    10  rs_ctl_dev.o(i.rs_ctl_op_SRST)
    rs_ctl_op_UPDDT                          0x080029f9   Thumb Code    10  rs_ctl_dev.o(i.rs_ctl_op_UPDDT)
    rs_ctl_op_WRSR                           0x08002a05   Thumb Code    24  rs_ctl_dev.o(i.rs_ctl_op_WRSR)
    rs_ctl_op_fast_control                   0x08002a21   Thumb Code    12  rs_ctl_dev.o(i.rs_ctl_op_fast_control)
    rs_ctl_op_read_region                    0x08002a2d   Thumb Code    46  rs_ctl_dev.o(i.rs_ctl_op_read_region)
    rs_ctl_read_reg                          0x08002a5b   Thumb Code    52  rs_ctl_dev.o(i.rs_ctl_read_reg)
    rs_ctl_read_regs                         0x08002a91   Thumb Code   266  rs_ctl_dev.o(i.rs_ctl_read_regs)
    rs_ctl_sensor_data_free                  0x08002ba1   Thumb Code    24  rs_ctl_distance.o(i.rs_ctl_sensor_data_free)
    rs_ctl_sensor_data_init                  0x08002bb9   Thumb Code     8  rs_ctl_distance.o(i.rs_ctl_sensor_data_init)
    rs_ctl_write_mem                         0x08002bc1   Thumb Code    64  rs_ctl_dev.o(i.rs_ctl_write_mem)
    rs_ctl_write_mem_seq                     0x08002c01   Thumb Code   136  rs_ctl_dev.o(i.rs_ctl_write_mem_seq)
    rs_ctl_write_reg                         0x08002c8d   Thumb Code    52  rs_ctl_dev.o(i.rs_ctl_write_reg)
    rs_ctl_write_regs                        0x08002cc1   Thumb Code   102  rs_ctl_dev.o(i.rs_ctl_write_regs)
    rs_get_distance                          0x08002d29   Thumb Code    50  rs_ctl_distance.o(i.rs_get_distance)
    rs_load_seq_code                         0x08002d61   Thumb Code    24  rs_ctl_setup.o(i.rs_load_seq_code)
    rs_open                                  0x08002d79   Thumb Code    40  rs_ctl_base.o(i.rs_open)
    rs_setup_beta                            0x08002da1   Thumb Code    20  rs_ctl_distance.o(i.rs_setup_beta)
    rs_setup_getcode                         0x08002db5   Thumb Code    98  rs_ctl_setup.o(i.rs_setup_getcode)
    rs_setup_hpf                             0x08002e19   Thumb Code   148  rs_ctl_setup.o(i.rs_setup_hpf)
    rs_setup_interval                        0x08002ebd   Thumb Code    20  rs_ctl_setup.o(i.rs_setup_interval)
    rs_setup_param                           0x08002ed1   Thumb Code    28  rs_ctl_setup.o(i.rs_setup_param)
    rs_setup_param_local                     0x08002eed   Thumb Code    12  rs_ctl_setup.o(i.rs_setup_param_local)
    rs_setup_range                           0x08002ef9   Thumb Code   372  rs_ctl_setup.o(i.rs_setup_range)
    rs_setup_range_peak                      0x0800307d   Thumb Code    50  rs_ctl_distance.o(i.rs_setup_range_peak)
    rs_setup_seq                             0x080030af   Thumb Code   154  rs_ctl_setup.o(i.rs_setup_seq)
    rs_start_body                            0x08003149   Thumb Code    98  rs_ctl_base.o(i.rs_start_body)
    rs_update_param_local                    0x080031b1   Thumb Code    14  rs_ctl_setup.o(i.rs_update_param_local)
    taskMain                                 0x080031c1   Thumb Code   128  main.o(i.taskMain)
    uint32_to_uint8                          0x0800324d   Thumb Code    16  general.o(i.uint32_to_uint8)
    uint8_to_uint32                          0x0800325d   Thumb Code    24  general.o(i.uint8_to_uint32)
    uxListRemove                             0x08003275   Thumb Code    40  list.o(i.uxListRemove)
    vListInitialise                          0x0800329d   Thumb Code    26  list.o(i.vListInitialise)
    vListInitialiseItem                      0x080032b7   Thumb Code     6  list.o(i.vListInitialiseItem)
    vListInsert                              0x080032bd   Thumb Code    52  list.o(i.vListInsert)
    vListInsertEnd                           0x080032f1   Thumb Code    24  list.o(i.vListInsertEnd)
    vPortEnterCritical                       0x08003309   Thumb Code    76  port.o(i.vPortEnterCritical)
    vPortExitCritical                        0x0800335d   Thumb Code    56  port.o(i.vPortExitCritical)
    vPortFree                                0x08003399   Thumb Code   140  heap_4.o(i.vPortFree)
    vPortSetupTimerInterrupt                 0x0800342d   Thumb Code    36  port.o(i.vPortSetupTimerInterrupt)
    vTaskDelay                               0x08003455   Thumb Code    82  tasks.o(i.vTaskDelay)
    vTaskStartScheduler                      0x080034b1   Thumb Code   108  tasks.o(i.vTaskStartScheduler)
    vTaskSuspendAll                          0x08003539   Thumb Code    12  tasks.o(i.vTaskSuspendAll)
    vTaskSwitchContext                       0x08003549   Thumb Code   118  tasks.o(i.vTaskSwitchContext)
    xPortStartScheduler                      0x080035d5   Thumb Code   330  port.o(i.xPortStartScheduler)
    xTaskCreate                              0x0800373d   Thumb Code    96  tasks.o(i.xTaskCreate)
    xTaskIncrementTick                       0x0800379d   Thumb Code   282  tasks.o(i.xTaskIncrementTick)
    xTaskResumeAll                           0x080038e5   Thumb Code   224  tasks.o(i.xTaskResumeAll)
    __mathlib_zero                           0x08004750   Data           8  qnan.o(.constdata)
    Region$$Table$$Base                      0x08004758   Number         0  anon$$obj.o(Region$$Table)
    Region$$Table$$Limit                     0x08004778   Number         0  anon$$obj.o(Region$$Table)
    __stdout                                 0x20000000   Data           4  at32_board.o(.data)
    LED_GPIO_PORT                            0x20000004   Data          16  at32_board.o(.data)
    LED_GPIO_PIN                             0x20000014   Data           8  at32_board.o(.data)
    LED_GPIO_RCC_CLK                         0x2000001c   Data          16  at32_board.o(.data)
    BUTTON_GPIO_PORT                         0x2000002c   Data           8  at32_board.o(.data)
    BUTTON_GPIO_PIN                          0x20000034   Data           4  at32_board.o(.data)
    BUTTON_GPIO_RCC_CLK                      0x20000038   Data           8  at32_board.o(.data)
    SystemCoreClock                          0x2000004c   Data           4  system_at32f4xx.o(.data)
    AHBPscTable                              0x20000050   Data          16  system_at32f4xx.o(.data)
    pxCurrentTCB                             0x20000084   Data           4  tasks.o(.data)
    __microlib_freelist                      0x200000c0   Data           4  mvars.o(.data)
    __microlib_freelist_initialised          0x200000c4   Data           4  mvars.o(.data)
    handle                                   0x200000cc   Data          56  main.o(.bss)
    __heap_base                              0x200021d0   Data           0  startup_at32f413rx_hd.o(HEAP)
    __heap_limit                             0x200023d0   Data           0  startup_at32f413rx_hd.o(HEAP)
    __initial_sp                             0x200027d0   Data           0  startup_at32f413rx_hd.o(STACK)



==============================================================================

Memory Map of the image

  Image Entry point : 0x08000171

  Load Region LR_IROM1 (Base: 0x08000000, Size: 0x00004844, Max: 0x00040000, ABSOLUTE)

    Execution Region ER_IROM1 (Exec base: 0x08000000, Load base: 0x08000000, Size: 0x00004778, Max: 0x00040000, ABSOLUTE)

    Exec Addr    Load Addr    Size         Type   Attr      Idx    E Section Name        Object

    0x08000000   0x08000000   0x00000170   Data   RO          278    RESET               startup_at32f413rx_hd.o
    0x08000170   0x08000170   0x00000000   Code   RO         3295  * .ARM.Collect$$$$00000000  mc_w.l(entry.o)
    0x08000170   0x08000170   0x00000004   Code   RO         3639    .ARM.Collect$$$$00000001  mc_w.l(entry2.o)
    0x08000174   0x08000174   0x00000004   Code   RO         3642    .ARM.Collect$$$$00000004  mc_w.l(entry5.o)
    0x08000178   0x08000178   0x00000000   Code   RO         3644    .ARM.Collect$$$$00000008  mc_w.l(entry7b.o)
    0x08000178   0x08000178   0x00000000   Code   RO         3646    .ARM.Collect$$$$0000000A  mc_w.l(entry8b.o)
    0x08000178   0x08000178   0x00000008   Code   RO         3647    .ARM.Collect$$$$0000000B  mc_w.l(entry9a.o)
    0x08000180   0x08000180   0x00000004   Code   RO         3654    .ARM.Collect$$$$0000000E  mc_w.l(entry12b.o)
    0x08000184   0x08000184   0x00000000   Code   RO         3649    .ARM.Collect$$$$0000000F  mc_w.l(entry10a.o)
    0x08000184   0x08000184   0x00000000   Code   RO         3651    .ARM.Collect$$$$00000011  mc_w.l(entry11a.o)
    0x08000184   0x08000184   0x00000004   Code   RO         3640    .ARM.Collect$$$$00002712  mc_w.l(entry2.o)
    0x08000188   0x08000188   0x000000be   Code   RO         2640    .emb_text           port.o
    0x08000246   0x08000246   0x00000002   PAD
    0x08000248   0x08000248   0x00000024   Code   RO          279    .text               startup_at32f413rx_hd.o
    0x0800026c   0x0800026c   0x00000062   Code   RO         3298    .text               mc_w.l(uldiv.o)
    0x080002ce   0x080002ce   0x00000024   Code   RO         3300    .text               mc_w.l(memcpya.o)
    0x080002f2   0x080002f2   0x00000024   Code   RO         3304    .text               mc_w.l(memseta.o)
    0x08000316   0x08000316   0x0000001c   Code   RO         3597    .text               mc_w.l(calloc.o)
    0x08000332   0x08000332   0x000000e4   Code   RO         3599    .text               mf_w.l(dmul.o)
    0x08000416   0x08000416   0x000000de   Code   RO         3601    .text               mf_w.l(ddiv.o)
    0x080004f4   0x080004f4   0x0000001a   Code   RO         3603    .text               mf_w.l(dfltui.o)
    0x0800050e   0x0800050e   0x00000032   Code   RO         3605    .text               mf_w.l(dfixui.o)
    0x08000540   0x08000540   0x00000026   Code   RO         3607    .text               mf_w.l(f2d.o)
    0x08000566   0x08000566   0x00000038   Code   RO         3609    .text               mf_w.l(d2f.o)
    0x0800059e   0x0800059e   0x0000002c   Code   RO         3655    .text               mc_w.l(uidiv.o)
    0x080005ca   0x080005ca   0x0000001e   Code   RO         3657    .text               mc_w.l(llshl.o)
    0x080005e8   0x080005e8   0x00000020   Code   RO         3659    .text               mc_w.l(llushr.o)
    0x08000608   0x08000608   0x00000000   Code   RO         3670    .text               mc_w.l(iusefp.o)
    0x08000608   0x08000608   0x0000006e   Code   RO         3671    .text               mf_w.l(fepilogue.o)
    0x08000676   0x08000676   0x000000ba   Code   RO         3673    .text               mf_w.l(depilogue.o)
    0x08000730   0x08000730   0x0000014e   Code   RO         3675    .text               mf_w.l(dadd.o)
    0x0800087e   0x0800087e   0x00000002   PAD
    0x08000880   0x08000880   0x00000088   Code   RO         3679    .text               mf_w.l(drnd.o)
    0x08000908   0x08000908   0x00000022   Code   RO         3681    .text               mf_w.l(dflti.o)
    0x0800092a   0x0800092a   0x00000002   PAD
    0x0800092c   0x0800092c   0x00000030   Code   RO         3685    .text               mf_w.l(cdcmple.o)
    0x0800095c   0x0800095c   0x00000030   Code   RO         3687    .text               mf_w.l(cdrcmple.o)
    0x0800098c   0x0800098c   0x00000024   Code   RO         3692    .text               mc_w.l(init.o)
    0x080009b0   0x080009b0   0x00000024   Code   RO         3694    .text               mc_w.l(llsshr.o)
    0x080009d4   0x080009d4   0x00000014   Code   RO          437    i.AT32F413_SC1233_INIT  main_at32f4xx.o
    0x080009e8   0x080009e8   0x0000000c   Code   RO          964    i.CE_OFF            sc123x_gpio.o
    0x080009f4   0x080009f4   0x0000000c   Code   RO          965    i.CE_ON             sc123x_gpio.o
    0x08000a00   0x08000a00   0x000000a8   Code   RO          438    i.GPIO_Configuration  main_at32f4xx.o
    0x08000aa8   0x08000aa8   0x00000116   Code   RO         1347    i.GPIO_Init         at32f4xx_gpio.o
    0x08000bbe   0x08000bbe   0x00000012   Code   RO         1351    i.GPIO_ReadInputDataBit  at32f4xx_gpio.o
    0x08000bd0   0x08000bd0   0x00000010   Code   RO         1357    i.GPIO_StructInit   at32f4xx_gpio.o
    0x08000be0   0x08000be0   0x0000000c   Code   RO          966    i.I2C_OFF           sc123x_gpio.o
    0x08000bec   0x08000bec   0x0000000c   Code   RO          967    i.NRST_OFF          sc123x_gpio.o
    0x08000bf8   0x08000bf8   0x0000000c   Code   RO          968    i.NRST_ON           sc123x_gpio.o
    0x08000c04   0x08000c04   0x0000000c   Code   RO          969    i.NSS_HIGH          sc123x_gpio.o
    0x08000c10   0x08000c10   0x0000000c   Code   RO          970    i.NSS_LOW           sc123x_gpio.o
    0x08000c1c   0x08000c1c   0x00000020   Code   RO         1491    i.RCC_AHBPeriphClockCmd  at32f4xx_rcc.o
    0x08000c3c   0x08000c3c   0x00000020   Code   RO         1496    i.RCC_APB2PeriphClockCmd  at32f4xx_rcc.o
    0x08000c5c   0x08000c5c   0x0000002e   Code   RO          439    i.RCC_Configuration  main_at32f4xx.o
    0x08000c8a   0x08000c8a   0x00000002   PAD
    0x08000c8c   0x08000c8c   0x00000168   Code   RO         1502    i.RCC_GetClocksFreq  at32f4xx_rcc.o
    0x08000df4   0x08000df4   0x00000058   Code   RO          440    i.SPI_Configuration  main_at32f4xx.o
    0x08000e4c   0x08000e4c   0x00000018   Code   RO         1746    i.SPI_DefaultInitParaConfig  at32f4xx_spi.o
    0x08000e64   0x08000e64   0x00000018   Code   RO         1747    i.SPI_Enable        at32f4xx_spi.o
    0x08000e7c   0x08000e7c   0x00000012   Code   RO         1755    i.SPI_I2S_GetFlagStatus  at32f4xx_spi.o
    0x08000e8e   0x08000e8e   0x00000006   Code   RO         1759    i.SPI_I2S_RxData    at32f4xx_spi.o
    0x08000e94   0x08000e94   0x00000004   Code   RO         1760    i.SPI_I2S_TxData    at32f4xx_spi.o
    0x08000e98   0x08000e98   0x0000005a   Code   RO         1761    i.SPI_Init          at32f4xx_spi.o
    0x08000ef2   0x08000ef2   0x00000002   Code   RO          238    i.SetSysClock       system_at32f4xx.o
    0x08000ef4   0x08000ef4   0x00000034   Code   RO         2641    i.SysTick_Handler   port.o
    0x08000f28   0x08000f28   0x00000084   Code   RO          240    i.SystemInit        system_at32f4xx.o
    0x08000fac   0x08000fac   0x0000003c   Code   RO          441    i.UART_Configuration  main_at32f4xx.o
    0x08000fe8   0x08000fe8   0x00000018   Code   RO         1902    i.USART_Cmd         at32f4xx_usart.o
    0x08001000   0x08001000   0x0000001a   Code   RO         1904    i.USART_GetFlagStatus  at32f4xx_usart.o
    0x0800101a   0x0800101a   0x00000002   PAD
    0x0800101c   0x0800101c   0x000000e8   Code   RO         1908    i.USART_Init        at32f4xx_usart.o
    0x08001104   0x08001104   0x00000008   Code   RO         1917    i.USART_SendData    at32f4xx_usart.o
    0x0800110c   0x0800110c   0x00000018   Code   RO         1923    i.USART_StructInit  at32f4xx_usart.o
    0x08001124   0x08001124   0x00000020   Code   RO         3353    i.__0printf$1       mc_w.l(printf1.o)
    0x08001144   0x08001144   0x00000004   PAD
    0x08001148   0x08001148   0x00000118   Code   RO         3267    i.__hardfp_ceil     m_wm.l(ceil.o)
    0x08001260   0x08001260   0x00000118   Code   RO         3273    i.__hardfp_floor    m_wm.l(floor.o)
    0x08001378   0x08001378   0x000003c4   Code   RO         3625    i.__hardfp_log      m_wm.l(log.o)
    0x0800173c   0x0800173c   0x00000004   PAD
    0x08001740   0x08001740   0x00000130   Code   RO         3279    i.__hardfp_log10    m_wm.l(log10.o)
    0x08001870   0x08001870   0x000000e0   Code   RO         3291    i.__hardfp_round    m_wm.l(round.o)
    0x08001950   0x08001950   0x000000f8   Code   RO         3689    i.__kernel_poly     m_wm.l(poly.o)
    0x08001a48   0x08001a48   0x00000030   Code   RO         3611    i.__mathlib_dbl_divzero  m_wm.l(dunder.o)
    0x08001a78   0x08001a78   0x00000014   Code   RO         3612    i.__mathlib_dbl_infnan  m_wm.l(dunder.o)
    0x08001a8c   0x08001a8c   0x00000004   PAD
    0x08001a90   0x08001a90   0x00000020   Code   RO         3614    i.__mathlib_dbl_invalid  m_wm.l(dunder.o)
    0x08001ab0   0x08001ab0   0x0000000e   Code   RO         3698    i.__scatterload_copy  mc_w.l(handlers.o)
    0x08001abe   0x08001abe   0x00000002   Code   RO         3699    i.__scatterload_null  mc_w.l(handlers.o)
    0x08001ac0   0x08001ac0   0x0000000e   Code   RO         3700    i.__scatterload_zeroinit  mc_w.l(handlers.o)
    0x08001ace   0x08001ace   0x00000002   PAD
    0x08001ad0   0x08001ad0   0x0000000c   Code   RO         3665    i.__set_errno       mc_w.l(errno.o)
    0x08001adc   0x08001adc   0x00000050   Code   RO          859    i._effective_chirp_bandwidth  rs_ctl_setup.o
    0x08001b2c   0x08001b2c   0x000000b0   Code   RO          860    i._point_per_chirp  rs_ctl_setup.o
    0x08001bdc   0x08001bdc   0x00000154   Code   RO         3360    i._printf_core      mc_w.l(printf1.o)
    0x08001d30   0x08001d30   0x00000024   Code   RO          861    i._table_read_reg   rs_ctl_setup.o
    0x08001d54   0x08001d54   0x00000050   Code   RO          744    i.conv_power        rs_ctl_distance.o
    0x08001da4   0x08001da4   0x00000044   Code   RO          745    i.distance_range    rs_ctl_distance.o
    0x08001de8   0x08001de8   0x00000018   Code   RO          746    i.distance_wide_get  rs_ctl_distance.o
    0x08001e00   0x08001e00   0x0000002a   Code   RO          747    i.distance_wide_update_param  rs_ctl_distance.o
    0x08001e2a   0x08001e2a   0x00000002   PAD
    0x08001e2c   0x08001e2c   0x00000024   Code   RO           19    i.fputc             at32_board.o
    0x08001e50   0x08001e50   0x00000050   Code   RO         3569    i.free              mc_w.l(malloc.o)
    0x08001ea0   0x08001ea0   0x00000078   Code   RO          748    i.get_devdata       rs_ctl_distance.o
    0x08001f18   0x08001f18   0x00000088   Code   RO          749    i.get_distance_data  rs_ctl_distance.o
    0x08001fa0   0x08001fa0   0x00000034   Code   RO          395    i.get_expected_crc  general.o
    0x08001fd4   0x08001fd4   0x00000010   Code   RO         3627    i.log               m_wm.l(log.o)
    0x08001fe4   0x08001fe4   0x0000003c   Code   RO          286    i.main              main.o
    0x08002020   0x08002020   0x0000006c   Code   RO         3570    i.malloc            mc_w.l(malloc.o)
    0x0800208c   0x0800208c   0x00000098   Code   RO         2988    i.prvAddCurrentTaskToDelayedList  tasks.o
    0x08002124   0x08002124   0x000000b4   Code   RO         2989    i.prvAddNewTaskToReadyList  tasks.o
    0x080021d8   0x080021d8   0x00000048   Code   RO         2990    i.prvCheckTasksWaitingTermination  tasks.o
    0x08002220   0x08002220   0x00000012   Code   RO         2991    i.prvDeleteTCB      tasks.o
    0x08002232   0x08002232   0x00000002   PAD
    0x08002234   0x08002234   0x0000007c   Code   RO         2543    i.prvHeapInit       heap_4.o
    0x080022b0   0x080022b0   0x00000028   Code   RO         2992    i.prvIdleTask       tasks.o
    0x080022d8   0x080022d8   0x000000a4   Code   RO         2993    i.prvInitialiseNewTask  tasks.o
    0x0800237c   0x0800237c   0x00000068   Code   RO         2994    i.prvInitialiseTaskLists  tasks.o
    0x080023e4   0x080023e4   0x00000068   Code   RO         2544    i.prvInsertBlockIntoFreeList  heap_4.o
    0x0800244c   0x0800244c   0x00000034   Code   RO         2995    i.prvResetNextTaskUnblockTime  tasks.o
    0x08002480   0x08002480   0x00000040   Code   RO         2642    i.prvTaskExitError  port.o
    0x080024c0   0x080024c0   0x0000013c   Code   RO         2545    i.pvPortMalloc      heap_4.o
    0x080025fc   0x080025fc   0x0000002c   Code   RO         2643    i.pxPortInitialiseStack  port.o
    0x08002628   0x08002628   0x00000050   Code   RO          750    i.read_fifo         rs_ctl_distance.o
    0x08002678   0x08002678   0x0000002a   Code   RO          600    i.read_modify_write_reg  rs_ctl_dev.o
    0x080026a2   0x080026a2   0x00000048   Code   RO          751    i.read_register     rs_ctl_distance.o
    0x080026ea   0x080026ea   0x00000016   Code   RO          752    i.read_status       rs_ctl_distance.o
    0x08002700   0x08002700   0x0000003e   Code   RO          396    i.rs_calc_crc16     general.o
    0x0800273e   0x0800273e   0x00000002   PAD
    0x08002740   0x08002740   0x0000006c   Code   RO          552    i.rs_ctl_cmd_boot   rs_ctl_cmd.o
    0x080027ac   0x080027ac   0x0000002e   Code   RO          553    i.rs_ctl_cmd_chipinit  rs_ctl_cmd.o
    0x080027da   0x080027da   0x00000002   PAD
    0x080027dc   0x080027dc   0x00000018   Code   RO          554    i.rs_ctl_cmd_disable_seq  rs_ctl_cmd.o
    0x080027f4   0x080027f4   0x00000020   Code   RO          555    i.rs_ctl_cmd_enable_seq  rs_ctl_cmd.o
    0x08002814   0x08002814   0x00000012   Code   RO          556    i.rs_ctl_cmd_shutdown  rs_ctl_cmd.o
    0x08002826   0x08002826   0x0000002e   Code   RO          753    i.rs_ctl_cmd_wait_and_get_sensor_data  rs_ctl_distance.o
    0x08002854   0x08002854   0x000000d0   Code   RO          601    i.rs_ctl_dev_read   rs_ctl_dev.o
    0x08002924   0x08002924   0x00000050   Code   RO          602    i.rs_ctl_dev_write  rs_ctl_dev.o
    0x08002974   0x08002974   0x0000000a   Code   RO          604    i.rs_ctl_op_DSLEEP  rs_ctl_dev.o
    0x0800297e   0x0800297e   0x0000000a   Code   RO          605    i.rs_ctl_op_ENATM   rs_ctl_dev.o
    0x08002988   0x08002988   0x0000000a   Code   RO          606    i.rs_ctl_op_HLDDT   rs_ctl_dev.o
    0x08002992   0x08002992   0x00000002   PAD
    0x08002994   0x08002994   0x00000028   Code   RO          607    i.rs_ctl_op_RDSR    rs_ctl_dev.o
    0x080029bc   0x080029bc   0x00000028   Code   RO          608    i.rs_ctl_op_RDSR2   rs_ctl_dev.o
    0x080029e4   0x080029e4   0x0000000a   Code   RO          609    i.rs_ctl_op_RUNTM   rs_ctl_dev.o
    0x080029ee   0x080029ee   0x0000000a   Code   RO          610    i.rs_ctl_op_SRST    rs_ctl_dev.o
    0x080029f8   0x080029f8   0x0000000a   Code   RO          611    i.rs_ctl_op_UPDDT   rs_ctl_dev.o
    0x08002a02   0x08002a02   0x00000002   PAD
    0x08002a04   0x08002a04   0x0000001c   Code   RO          612    i.rs_ctl_op_WRSR    rs_ctl_dev.o
    0x08002a20   0x08002a20   0x0000000c   Code   RO          613    i.rs_ctl_op_fast_control  rs_ctl_dev.o
    0x08002a2c   0x08002a2c   0x0000002e   Code   RO          614    i.rs_ctl_op_read_region  rs_ctl_dev.o
    0x08002a5a   0x08002a5a   0x00000034   Code   RO          615    i.rs_ctl_read_reg   rs_ctl_dev.o
    0x08002a8e   0x08002a8e   0x00000002   PAD
    0x08002a90   0x08002a90   0x00000110   Code   RO          616    i.rs_ctl_read_regs  rs_ctl_dev.o
    0x08002ba0   0x08002ba0   0x00000018   Code   RO          754    i.rs_ctl_sensor_data_free  rs_ctl_distance.o
    0x08002bb8   0x08002bb8   0x00000008   Code   RO          755    i.rs_ctl_sensor_data_init  rs_ctl_distance.o
    0x08002bc0   0x08002bc0   0x00000040   Code   RO          617    i.rs_ctl_write_mem  rs_ctl_dev.o
    0x08002c00   0x08002c00   0x0000008c   Code   RO          618    i.rs_ctl_write_mem_seq  rs_ctl_dev.o
    0x08002c8c   0x08002c8c   0x00000034   Code   RO          619    i.rs_ctl_write_reg  rs_ctl_dev.o
    0x08002cc0   0x08002cc0   0x00000066   Code   RO          620    i.rs_ctl_write_regs  rs_ctl_dev.o
    0x08002d26   0x08002d26   0x00000002   PAD
    0x08002d28   0x08002d28   0x00000038   Code   RO          756    i.rs_get_distance   rs_ctl_distance.o
    0x08002d60   0x08002d60   0x00000018   Code   RO          863    i.rs_load_seq_code  rs_ctl_setup.o
    0x08002d78   0x08002d78   0x00000028   Code   RO          501    i.rs_open           rs_ctl_base.o
    0x08002da0   0x08002da0   0x00000014   Code   RO          757    i.rs_setup_beta     rs_ctl_distance.o
    0x08002db4   0x08002db4   0x00000062   Code   RO          865    i.rs_setup_getcode  rs_ctl_setup.o
    0x08002e16   0x08002e16   0x00000002   PAD
    0x08002e18   0x08002e18   0x000000a4   Code   RO          866    i.rs_setup_hpf      rs_ctl_setup.o
    0x08002ebc   0x08002ebc   0x00000014   Code   RO          867    i.rs_setup_interval  rs_ctl_setup.o
    0x08002ed0   0x08002ed0   0x0000001c   Code   RO          868    i.rs_setup_param    rs_ctl_setup.o
    0x08002eec   0x08002eec   0x0000000c   Code   RO          869    i.rs_setup_param_local  rs_ctl_setup.o
    0x08002ef8   0x08002ef8   0x00000184   Code   RO          870    i.rs_setup_range    rs_ctl_setup.o
    0x0800307c   0x0800307c   0x00000032   Code   RO          758    i.rs_setup_range_peak  rs_ctl_distance.o
    0x080030ae   0x080030ae   0x0000009a   Code   RO          871    i.rs_setup_seq      rs_ctl_setup.o
    0x08003148   0x08003148   0x00000068   Code   RO          502    i.rs_start_body     rs_ctl_base.o
    0x080031b0   0x080031b0   0x0000000e   Code   RO          872    i.rs_update_param_local  rs_ctl_setup.o
    0x080031be   0x080031be   0x00000002   PAD
    0x080031c0   0x080031c0   0x0000008c   Code   RO          287    i.taskMain          main.o
    0x0800324c   0x0800324c   0x00000010   Code   RO          398    i.uint32_to_uint8   general.o
    0x0800325c   0x0800325c   0x00000018   Code   RO          399    i.uint8_to_uint32   general.o
    0x08003274   0x08003274   0x00000028   Code   RO         2604    i.uxListRemove      list.o
    0x0800329c   0x0800329c   0x0000001a   Code   RO         2605    i.vListInitialise   list.o
    0x080032b6   0x080032b6   0x00000006   Code   RO         2606    i.vListInitialiseItem  list.o
    0x080032bc   0x080032bc   0x00000034   Code   RO         2607    i.vListInsert       list.o
    0x080032f0   0x080032f0   0x00000018   Code   RO         2608    i.vListInsertEnd    list.o
    0x08003308   0x08003308   0x00000054   Code   RO         2645    i.vPortEnterCritical  port.o
    0x0800335c   0x0800335c   0x0000003c   Code   RO         2646    i.vPortExitCritical  port.o
    0x08003398   0x08003398   0x00000094   Code   RO         2546    i.vPortFree         heap_4.o
    0x0800342c   0x0800342c   0x00000028   Code   RO         2647    i.vPortSetupTimerInterrupt  port.o
    0x08003454   0x08003454   0x0000005c   Code   RO         3002    i.vTaskDelay        tasks.o
    0x080034b0   0x080034b0   0x00000088   Code   RO         3015    i.vTaskStartScheduler  tasks.o
    0x08003538   0x08003538   0x00000010   Code   RO         3017    i.vTaskSuspendAll   tasks.o
    0x08003548   0x08003548   0x0000008c   Code   RO         3018    i.vTaskSwitchContext  tasks.o
    0x080035d4   0x080035d4   0x00000168   Code   RO         2649    i.xPortStartScheduler  port.o
    0x0800373c   0x0800373c   0x00000060   Code   RO         3020    i.xTaskCreate       tasks.o
    0x0800379c   0x0800379c   0x00000148   Code   RO         3026    i.xTaskIncrementTick  tasks.o
    0x080038e4   0x080038e4   0x00000104   Code   RO         3030    i.xTaskResumeAll    tasks.o
    0x080039e8   0x080039e8   0x00000d1e   Data   RO          759    .constdata          rs_ctl_distance.o
    0x08004706   0x08004706   0x00000010   Data   RO         1528    .constdata          at32f4xx_rcc.o
    0x08004716   0x08004716   0x00000002   PAD
    0x08004718   0x08004718   0x00000038   Data   RO         3628    .constdata          m_wm.l(log.o)
    0x08004750   0x08004750   0x00000008   Data   RO         3691    .constdata          m_wm.l(qnan.o)
    0x08004758   0x08004758   0x00000020   Data   RO         3696    Region$$Table       anon$$obj.o


    Execution Region RW_IRAM1 (Exec base: 0x20000000, Load base: 0x08004778, Size: 0x000027d0, Max: 0x00008000, ABSOLUTE)

    Exec Addr    Load Addr    Size         Type   Attr      Idx    E Section Name        Object

    0x20000000   0x08004778   0x00000049   Data   RW           20    .data               at32_board.o
    0x20000049   0x080047c1   0x00000003   PAD
    0x2000004c   0x080047c4   0x00000014   Data   RW          241    .data               system_at32f4xx.o
    0x20000060   0x080047d8   0x00000018   Data   RW         2551    .data               heap_4.o
    0x20000078   0x080047f0   0x0000000c   Data   RW         2650    .data               port.o
    0x20000084   0x080047fc   0x0000003c   Data   RW         3033    .data               tasks.o
    0x200000c0   0x08004838   0x00000004   Data   RW         3661    .data               mc_w.l(mvars.o)
    0x200000c4   0x0800483c   0x00000004   Data   RW         3662    .data               mc_w.l(mvars.o)
    0x200000c8   0x08004840   0x00000004   Data   RW         3666    .data               mc_w.l(errno.o)
    0x200000cc        -       0x00000038   Zero   RW          288    .bss                main.o
    0x20000104        -       0x00002000   Zero   RW         2550    .bss                heap_4.o
    0x20002104        -       0x000000c8   Zero   RW         3032    .bss                tasks.o
    0x200021cc   0x08004844   0x00000004   PAD
    0x200021d0        -       0x00000200   Zero   RW          277    HEAP                startup_at32f413rx_hd.o
    0x200023d0        -       0x00000400   Zero   RW          276    STACK               startup_at32f413rx_hd.o


==============================================================================

Image component sizes


      Code (inc. data)   RO Data    RW Data    ZI Data      Debug   Object Name

        36          4          0         73          0     264971   at32_board.o
       312          0          0          0          0       3094   at32f4xx_gpio.o
       424         46         16          0          0       3877   at32f4xx_rcc.o
       166          0          0          0          0       4322   at32f4xx_spi.o
       314          6          0          0          0       4511   at32f4xx_usart.o
         0          0          0          0          0       7800   event_groups.o
       154          0          0          0          0       2723   general.o
       692         62          0         24       8192       6535   heap_4.o
       148          0          0          0          0       3126   list.o
       200         28          0          0         56      12111   main.o
       382         16          0          0          0       2713   main_at32f4xx.o
       894         78          0         12          0      10008   port.o
       144          6          0          0          0       3094   rs_ctl_base.o
       228         14          0          0          0       2619   rs_ctl_cmd.o
      1238         40          0          0          0      12992   rs_ctl_dev.o
       848         22       3358          0          0      12439   rs_ctl_distance.o
      1194         60          0          0          0       8531   rs_ctl_setup.o
        84         28          0          0          0       3121   sc123x_gpio.o
        36          8        368          0       1536        832   startup_at32f413rx_hd.o
       134         26          0         20          0       1559   system_at32f4xx.o
      1850        268          0         60        200      14145   tasks.o

    ----------------------------------------------------------------------
      9504        712       3776        192       9988     385123   Object Totals
         0          0         32          0          0          0   (incl. Generated)
        26          0          2          3          4          0   (incl. Padding)

    ----------------------------------------------------------------------

      Code (inc. data)   RO Data    RW Data    ZI Data      Debug   Library Member Name

       280         28          0          0          0        156   ceil.o
       100         28          0          0          0        372   dunder.o
       280         28          0          0          0        156   floor.o
       980         92         56          0          0        440   log.o
       304         44          0          0          0        200   log10.o
       248          0          0          0          0        152   poly.o
         0          0          8          0          0          0   qnan.o
       224         30          0          0          0        172   round.o
        28          0          0          0          0         76   calloc.o
         0          0          0          0          0          0   entry.o
         0          0          0          0          0          0   entry10a.o
         0          0          0          0          0          0   entry11a.o
         4          0          0          0          0          0   entry12b.o
         8          4          0          0          0          0   entry2.o
         4          0          0          0          0          0   entry5.o
         0          0          0          0          0          0   entry7b.o
         0          0          0          0          0          0   entry8b.o
         8          4          0          0          0          0   entry9a.o
        12          6          0          4          0         68   errno.o
        30          0          0          0          0          0   handlers.o
        36          8          0          0          0         68   init.o
         0          0          0          0          0          0   iusefp.o
        30          0          0          0          0         68   llshl.o
        36          0          0          0          0         68   llsshr.o
        32          0          0          0          0         68   llushr.o
       188         20          0          0          0        160   malloc.o
        36          0          0          0          0         68   memcpya.o
        36          0          0          0          0        108   memseta.o
         0          0          0          8          0          0   mvars.o
       372         14          0          0          0        184   printf1.o
        44          0          0          0          0         80   uidiv.o
        98          0          0          0          0         92   uldiv.o
        48          0          0          0          0         68   cdcmple.o
        48          0          0          0          0         68   cdrcmple.o
        56          0          0          0          0         88   d2f.o
       334          0          0          0          0        148   dadd.o
       222          0          0          0          0        100   ddiv.o
       186          0          0          0          0        176   depilogue.o
        50          0          0          0          0         76   dfixui.o
        34          0          0          0          0         76   dflti.o
        26          0          0          0          0         76   dfltui.o
       228          0          0          0          0         96   dmul.o
       136          4          0          0          0         92   drnd.o
        38          0          0          0          0         68   f2d.o
       110          0          0          0          0        168   fepilogue.o

    ----------------------------------------------------------------------
      4952        318         64         12          0       4056   Library Totals
        18          8          0          0          0          0   (incl. Padding)

    ----------------------------------------------------------------------

      Code (inc. data)   RO Data    RW Data    ZI Data      Debug   Library Name

      2416        250         64          0          0       1648   m_wm.l
      1002         56          0         12          0       1108   mc_w.l
      1516          4          0          0          0       1300   mf_w.l

    ----------------------------------------------------------------------
      4952        318         64         12          0       4056   Library Totals

    ----------------------------------------------------------------------

==============================================================================


      Code (inc. data)   RO Data    RW Data    ZI Data      Debug   

     14456       1030       3840        204       9988     375135   Grand Totals
     14456       1030       3840        204       9988     375135   ELF Image Totals
     14456       1030       3840        204          0          0   ROM Totals

==============================================================================

    Total RO  Size (Code + RO Data)                18296 (  17.87kB)
    Total RW  Size (RW Data + ZI Data)             10192 (   9.95kB)
    Total ROM Size (Code + RO Data + RW Data)      18500 (  18.07kB)

==============================================================================

